Archive member included because of file (symbol)

g:/work/embedded systems/iti/01- imt sdk/imt_sdk_win_64/winavr/bin/../lib/gcc/avr/4.3.3/avr5\libgcc.a(_divmodhi4.o)
                              ./LCD.o (__divmodhi4)
g:/work/embedded systems/iti/01- imt sdk/imt_sdk_win_64/winavr/bin/../lib/gcc/avr/4.3.3/avr5\libgcc.a(_exit.o)
                              g:/work/embedded systems/iti/01- imt sdk/imt_sdk_win_64/winavr/bin/../lib/gcc/avr/4.3.3/../../../../avr/lib/avr5/crtm32.o (exit)
g:/work/embedded systems/iti/01- imt sdk/imt_sdk_win_64/winavr/bin/../lib/gcc/avr/4.3.3/avr5\libgcc.a(_copy_data.o)
                              ./LCD_cfg.o (__do_copy_data)
g:/work/embedded systems/iti/01- imt sdk/imt_sdk_win_64/winavr/bin/../lib/gcc/avr/4.3.3/avr5\libgcc.a(_clear_bss.o)
                              ./ADC.o (__do_clear_bss)
g:/work/embedded systems/iti/01- imt sdk/imt_sdk_win_64/winavr/bin/../lib/gcc/avr/4.3.3/avr5\libgcc.a(_fixunssfsi.o)
                              ./LCD.o (__fixunssfsi)
g:/work/embedded systems/iti/01- imt sdk/imt_sdk_win_64/winavr/bin/../lib/gcc/avr/4.3.3/avr5\libgcc.a(_addsub_sf.o)
                              ./LCD.o (__subsf3)
g:/work/embedded systems/iti/01- imt sdk/imt_sdk_win_64/winavr/bin/../lib/gcc/avr/4.3.3/avr5\libgcc.a(_mul_sf.o)
                              ./ADC.o (__mulsf3)
g:/work/embedded systems/iti/01- imt sdk/imt_sdk_win_64/winavr/bin/../lib/gcc/avr/4.3.3/avr5\libgcc.a(_div_sf.o)
                              ./ADC.o (__divsf3)
g:/work/embedded systems/iti/01- imt sdk/imt_sdk_win_64/winavr/bin/../lib/gcc/avr/4.3.3/avr5\libgcc.a(_gt_sf.o)
                              ./LCD.o (__gtsf2)
g:/work/embedded systems/iti/01- imt sdk/imt_sdk_win_64/winavr/bin/../lib/gcc/avr/4.3.3/avr5\libgcc.a(_ge_sf.o)
                              g:/work/embedded systems/iti/01- imt sdk/imt_sdk_win_64/winavr/bin/../lib/gcc/avr/4.3.3/avr5\libgcc.a(_fixunssfsi.o) (__gesf2)
g:/work/embedded systems/iti/01- imt sdk/imt_sdk_win_64/winavr/bin/../lib/gcc/avr/4.3.3/avr5\libgcc.a(_lt_sf.o)
                              ./LCD.o (__ltsf2)
g:/work/embedded systems/iti/01- imt sdk/imt_sdk_win_64/winavr/bin/../lib/gcc/avr/4.3.3/avr5\libgcc.a(_si_to_sf.o)
                              ./LCD.o (__floatsisf)
g:/work/embedded systems/iti/01- imt sdk/imt_sdk_win_64/winavr/bin/../lib/gcc/avr/4.3.3/avr5\libgcc.a(_sf_to_si.o)
                              ./LCD.o (__fixsfsi)
g:/work/embedded systems/iti/01- imt sdk/imt_sdk_win_64/winavr/bin/../lib/gcc/avr/4.3.3/avr5\libgcc.a(_thenan_sf.o)
                              g:/work/embedded systems/iti/01- imt sdk/imt_sdk_win_64/winavr/bin/../lib/gcc/avr/4.3.3/avr5\libgcc.a(_addsub_sf.o) (__thenan_sf)
g:/work/embedded systems/iti/01- imt sdk/imt_sdk_win_64/winavr/bin/../lib/gcc/avr/4.3.3/avr5\libgcc.a(_usi_to_sf.o)
                              ./ADC.o (__floatunsisf)
g:/work/embedded systems/iti/01- imt sdk/imt_sdk_win_64/winavr/bin/../lib/gcc/avr/4.3.3/avr5\libgcc.a(_udivmodhi4.o)
                              g:/work/embedded systems/iti/01- imt sdk/imt_sdk_win_64/winavr/bin/../lib/gcc/avr/4.3.3/avr5\libgcc.a(_divmodhi4.o) (__udivmodhi4)
g:/work/embedded systems/iti/01- imt sdk/imt_sdk_win_64/winavr/bin/../lib/gcc/avr/4.3.3/avr5\libgcc.a(_prologue.o)
                              g:/work/embedded systems/iti/01- imt sdk/imt_sdk_win_64/winavr/bin/../lib/gcc/avr/4.3.3/avr5\libgcc.a(_addsub_sf.o) (__prologue_saves__)
g:/work/embedded systems/iti/01- imt sdk/imt_sdk_win_64/winavr/bin/../lib/gcc/avr/4.3.3/avr5\libgcc.a(_epilogue.o)
                              g:/work/embedded systems/iti/01- imt sdk/imt_sdk_win_64/winavr/bin/../lib/gcc/avr/4.3.3/avr5\libgcc.a(_addsub_sf.o) (__epilogue_restores__)
g:/work/embedded systems/iti/01- imt sdk/imt_sdk_win_64/winavr/bin/../lib/gcc/avr/4.3.3/avr5\libgcc.a(_clzsi2.o)
                              g:/work/embedded systems/iti/01- imt sdk/imt_sdk_win_64/winavr/bin/../lib/gcc/avr/4.3.3/avr5\libgcc.a(_si_to_sf.o) (__clzsi2)
g:/work/embedded systems/iti/01- imt sdk/imt_sdk_win_64/winavr/bin/../lib/gcc/avr/4.3.3/avr5\libgcc.a(_pack_sf.o)
                              g:/work/embedded systems/iti/01- imt sdk/imt_sdk_win_64/winavr/bin/../lib/gcc/avr/4.3.3/avr5\libgcc.a(_addsub_sf.o) (__pack_f)
g:/work/embedded systems/iti/01- imt sdk/imt_sdk_win_64/winavr/bin/../lib/gcc/avr/4.3.3/avr5\libgcc.a(_unpack_sf.o)
                              g:/work/embedded systems/iti/01- imt sdk/imt_sdk_win_64/winavr/bin/../lib/gcc/avr/4.3.3/avr5\libgcc.a(_addsub_sf.o) (__unpack_f)
g:/work/embedded systems/iti/01- imt sdk/imt_sdk_win_64/winavr/bin/../lib/gcc/avr/4.3.3/avr5\libgcc.a(_fpcmp_parts_sf.o)
                              g:/work/embedded systems/iti/01- imt sdk/imt_sdk_win_64/winavr/bin/../lib/gcc/avr/4.3.3/avr5\libgcc.a(_gt_sf.o) (__fpcmp_parts_f)
g:/work/embedded systems/iti/01- imt sdk/imt_sdk_win_64/winavr/bin/../lib/gcc/avr/4.3.3/avr5\libgcc.a(_clz.o)
                              g:/work/embedded systems/iti/01- imt sdk/imt_sdk_win_64/winavr/bin/../lib/gcc/avr/4.3.3/avr5\libgcc.a(_clzsi2.o) (__clz_tab)

Allocating common symbols
Common symbol       size              file

ADC_pfCallback      0x2               ./ADC.o
u16data             0x2               ./main.o
TIM1_pfICUCallBack  0x2               ./TIM1.o
TIM1_pfOvfCallback  0x2               ./TIM1.o
ADC_ReadValue       0x2               ./ADC.o
SPI_u8RxBuffer      0x1               ./SPI.o
SPI_u8TxState       0x1               ./SPI.o
TIM1_pfCtcACallback
                    0x2               ./TIM1.o
TIM1_pfCtcBCallback
                    0x2               ./TIM1.o

Memory Configuration

Name             Origin             Length             Attributes
text             0x00000000         0x00020000         xr
data             0x00800060         0x0000ffa0         rw !x
eeprom           0x00810000         0x00010000         rw !x
fuse             0x00820000         0x00000400         rw !x
lock             0x00830000         0x00000400         rw !x
signature        0x00840000         0x00000400         rw !x
*default*        0x00000000         0xffffffff

Linker script and memory map

LOAD g:/work/embedded systems/iti/01- imt sdk/imt_sdk_win_64/winavr/bin/../lib/gcc/avr/4.3.3/../../../../avr/lib/avr5/crtm32.o
LOAD ./ADC.o
LOAD ./DIO.o
LOAD ./LCD.o
LOAD ./LCD_cfg.o
LOAD ./LED.o
LOAD ./LED_cfg.o
LOAD ./Relay.o
LOAD ./Relay_cfg.o
LOAD ./SPI.o
LOAD ./TIM1.o
LOAD ./TIM1_cfg.o
LOAD ./main.o
LOAD ./servo.o
LOAD ./servo_cfg.o
LOAD g:/work/embedded systems/iti/01- imt sdk/imt_sdk_win_64/winavr/bin/../lib/gcc/avr/4.3.3/avr5\libgcc.a
LOAD g:/work/embedded systems/iti/01- imt sdk/imt_sdk_win_64/winavr/bin/../lib/gcc/avr/4.3.3/../../../../avr/lib/avr5\libc.a
LOAD g:/work/embedded systems/iti/01- imt sdk/imt_sdk_win_64/winavr/bin/../lib/gcc/avr/4.3.3/avr5\libgcc.a

.hash
 *(.hash)

.dynsym
 *(.dynsym)

.dynstr
 *(.dynstr)

.gnu.version
 *(.gnu.version)

.gnu.version_d
 *(.gnu.version_d)

.gnu.version_r
 *(.gnu.version_r)

.rel.init
 *(.rel.init)

.rela.init
 *(.rela.init)

.rel.text
 *(.rel.text)
 *(.rel.text.*)
 *(.rel.gnu.linkonce.t*)

.rela.text
 *(.rela.text)
 *(.rela.text.*)
 *(.rela.gnu.linkonce.t*)

.rel.fini
 *(.rel.fini)

.rela.fini
 *(.rela.fini)

.rel.rodata
 *(.rel.rodata)
 *(.rel.rodata.*)
 *(.rel.gnu.linkonce.r*)

.rela.rodata
 *(.rela.rodata)
 *(.rela.rodata.*)
 *(.rela.gnu.linkonce.r*)

.rel.data
 *(.rel.data)
 *(.rel.data.*)
 *(.rel.gnu.linkonce.d*)

.rela.data
 *(.rela.data)
 *(.rela.data.*)
 *(.rela.gnu.linkonce.d*)

.rel.ctors
 *(.rel.ctors)

.rela.ctors
 *(.rela.ctors)

.rel.dtors
 *(.rel.dtors)

.rela.dtors
 *(.rela.dtors)

.rel.got
 *(.rel.got)

.rela.got
 *(.rela.got)

.rel.bss
 *(.rel.bss)

.rela.bss
 *(.rela.bss)

.rel.plt
 *(.rel.plt)

.rela.plt
 *(.rela.plt)

.text           0x00000000     0x43fc
 *(.vectors)
 .vectors       0x00000000       0x54 g:/work/embedded systems/iti/01- imt sdk/imt_sdk_win_64/winavr/bin/../lib/gcc/avr/4.3.3/../../../../avr/lib/avr5/crtm32.o
                0x00000000                __vectors
                0x00000000                __vector_default
 *(.vectors)
 *(.progmem.gcc*)
 *(.progmem*)
                0x00000054                . = ALIGN (0x2)
                0x00000054                __trampolines_start = .
 *(.trampolines)
 .trampolines   0x00000054        0x0 linker stubs
 *(.trampolines*)
                0x00000054                __trampolines_end = .
 *(.jumptables)
 *(.jumptables*)
 *(.lowtext)
 *(.lowtext*)
                0x00000054                __ctors_start = .
 *(.ctors)
                0x00000054                __ctors_end = .
                0x00000054                __dtors_start = .
 *(.dtors)
                0x00000054                __dtors_end = .
 SORT(*)(.ctors)
 SORT(*)(.dtors)
 *(.init0)
 .init0         0x00000054        0x0 g:/work/embedded systems/iti/01- imt sdk/imt_sdk_win_64/winavr/bin/../lib/gcc/avr/4.3.3/../../../../avr/lib/avr5/crtm32.o
                0x00000054                __init
 *(.init0)
 *(.init1)
 *(.init1)
 *(.init2)
 .init2         0x00000054        0xc g:/work/embedded systems/iti/01- imt sdk/imt_sdk_win_64/winavr/bin/../lib/gcc/avr/4.3.3/../../../../avr/lib/avr5/crtm32.o
 *(.init2)
 *(.init3)
 *(.init3)
 *(.init4)
 .init4         0x00000060       0x16 g:/work/embedded systems/iti/01- imt sdk/imt_sdk_win_64/winavr/bin/../lib/gcc/avr/4.3.3/avr5\libgcc.a(_copy_data.o)
                0x00000060                __do_copy_data
 .init4         0x00000076       0x10 g:/work/embedded systems/iti/01- imt sdk/imt_sdk_win_64/winavr/bin/../lib/gcc/avr/4.3.3/avr5\libgcc.a(_clear_bss.o)
                0x00000076                __do_clear_bss
 *(.init4)
 *(.init5)
 *(.init5)
 *(.init6)
 *(.init6)
 *(.init7)
 *(.init7)
 *(.init8)
 *(.init8)
 *(.init9)
 .init9         0x00000086        0x8 g:/work/embedded systems/iti/01- imt sdk/imt_sdk_win_64/winavr/bin/../lib/gcc/avr/4.3.3/../../../../avr/lib/avr5/crtm32.o
 *(.init9)
 *(.text)
 .text          0x0000008e        0x4 g:/work/embedded systems/iti/01- imt sdk/imt_sdk_win_64/winavr/bin/../lib/gcc/avr/4.3.3/../../../../avr/lib/avr5/crtm32.o
                0x0000008e                __vector_1
                0x0000008e                __bad_interrupt
                0x0000008e                __vector_3
                0x0000008e                __vector_11
                0x0000008e                __vector_13
                0x0000008e                __vector_17
                0x0000008e                __vector_19
                0x0000008e                __vector_5
                0x0000008e                __vector_4
                0x0000008e                __vector_2
                0x0000008e                __vector_15
                0x0000008e                __vector_14
                0x0000008e                __vector_10
                0x0000008e                __vector_18
                0x0000008e                __vector_20
 .text          0x00000092        0x0 ./ADC.o
 .text          0x00000092        0x0 ./DIO.o
 .text          0x00000092        0x0 ./LCD.o
 .text          0x00000092        0x0 ./LCD_cfg.o
 .text          0x00000092        0x0 ./LED.o
 .text          0x00000092        0x0 ./LED_cfg.o
 .text          0x00000092        0x0 ./Relay.o
 .text          0x00000092        0x0 ./Relay_cfg.o
 .text          0x00000092        0x0 ./SPI.o
 .text          0x00000092        0x0 ./TIM1.o
 .text          0x00000092        0x0 ./TIM1_cfg.o
 .text          0x00000092        0x0 ./main.o
 .text          0x00000092        0x0 ./servo.o
 .text          0x00000092        0x0 ./servo_cfg.o
 .text          0x00000092        0x0 g:/work/embedded systems/iti/01- imt sdk/imt_sdk_win_64/winavr/bin/../lib/gcc/avr/4.3.3/avr5\libgcc.a(_divmodhi4.o)
 .text          0x00000092        0x0 g:/work/embedded systems/iti/01- imt sdk/imt_sdk_win_64/winavr/bin/../lib/gcc/avr/4.3.3/avr5\libgcc.a(_exit.o)
 .text          0x00000092        0x0 g:/work/embedded systems/iti/01- imt sdk/imt_sdk_win_64/winavr/bin/../lib/gcc/avr/4.3.3/avr5\libgcc.a(_copy_data.o)
 .text          0x00000092        0x0 g:/work/embedded systems/iti/01- imt sdk/imt_sdk_win_64/winavr/bin/../lib/gcc/avr/4.3.3/avr5\libgcc.a(_clear_bss.o)
 .text          0x00000092       0x58 g:/work/embedded systems/iti/01- imt sdk/imt_sdk_win_64/winavr/bin/../lib/gcc/avr/4.3.3/avr5\libgcc.a(_fixunssfsi.o)
                0x00000092                __fixunssfsi
 .text          0x000000ea      0x354 g:/work/embedded systems/iti/01- imt sdk/imt_sdk_win_64/winavr/bin/../lib/gcc/avr/4.3.3/avr5\libgcc.a(_addsub_sf.o)
                0x00000382                __subsf3
                0x000003e4                __addsf3
 .text          0x0000043e      0x1f4 g:/work/embedded systems/iti/01- imt sdk/imt_sdk_win_64/winavr/bin/../lib/gcc/avr/4.3.3/avr5\libgcc.a(_mul_sf.o)
                0x0000043e                __mulsf3
 .text          0x00000632      0x158 g:/work/embedded systems/iti/01- imt sdk/imt_sdk_win_64/winavr/bin/../lib/gcc/avr/4.3.3/avr5\libgcc.a(_div_sf.o)
                0x00000632                __divsf3
 .text          0x0000078a       0x60 g:/work/embedded systems/iti/01- imt sdk/imt_sdk_win_64/winavr/bin/../lib/gcc/avr/4.3.3/avr5\libgcc.a(_gt_sf.o)
                0x0000078a                __gtsf2
 .text          0x000007ea       0x60 g:/work/embedded systems/iti/01- imt sdk/imt_sdk_win_64/winavr/bin/../lib/gcc/avr/4.3.3/avr5\libgcc.a(_ge_sf.o)
                0x000007ea                __gesf2
 .text          0x0000084a       0x60 g:/work/embedded systems/iti/01- imt sdk/imt_sdk_win_64/winavr/bin/../lib/gcc/avr/4.3.3/avr5\libgcc.a(_lt_sf.o)
                0x0000084a                __ltsf2
 .text          0x000008aa       0xbc g:/work/embedded systems/iti/01- imt sdk/imt_sdk_win_64/winavr/bin/../lib/gcc/avr/4.3.3/avr5\libgcc.a(_si_to_sf.o)
                0x000008aa                __floatsisf
 .text          0x00000966       0xa8 g:/work/embedded systems/iti/01- imt sdk/imt_sdk_win_64/winavr/bin/../lib/gcc/avr/4.3.3/avr5\libgcc.a(_sf_to_si.o)
                0x00000966                __fixsfsi
 .text          0x00000a0e        0x0 g:/work/embedded systems/iti/01- imt sdk/imt_sdk_win_64/winavr/bin/../lib/gcc/avr/4.3.3/avr5\libgcc.a(_thenan_sf.o)
 .text          0x00000a0e       0xf2 g:/work/embedded systems/iti/01- imt sdk/imt_sdk_win_64/winavr/bin/../lib/gcc/avr/4.3.3/avr5\libgcc.a(_usi_to_sf.o)
                0x00000a0e                __floatunsisf
 .text          0x00000b00        0x0 g:/work/embedded systems/iti/01- imt sdk/imt_sdk_win_64/winavr/bin/../lib/gcc/avr/4.3.3/avr5\libgcc.a(_udivmodhi4.o)
 .text          0x00000b00        0x0 g:/work/embedded systems/iti/01- imt sdk/imt_sdk_win_64/winavr/bin/../lib/gcc/avr/4.3.3/avr5\libgcc.a(_prologue.o)
 .text          0x00000b00        0x0 g:/work/embedded systems/iti/01- imt sdk/imt_sdk_win_64/winavr/bin/../lib/gcc/avr/4.3.3/avr5\libgcc.a(_epilogue.o)
 .text          0x00000b00       0x9e g:/work/embedded systems/iti/01- imt sdk/imt_sdk_win_64/winavr/bin/../lib/gcc/avr/4.3.3/avr5\libgcc.a(_clzsi2.o)
                0x00000b00                __clzsi2
 .text          0x00000b9e      0x1aa g:/work/embedded systems/iti/01- imt sdk/imt_sdk_win_64/winavr/bin/../lib/gcc/avr/4.3.3/avr5\libgcc.a(_pack_sf.o)
                0x00000b9e                __pack_f
 .text          0x00000d48       0xf0 g:/work/embedded systems/iti/01- imt sdk/imt_sdk_win_64/winavr/bin/../lib/gcc/avr/4.3.3/avr5\libgcc.a(_unpack_sf.o)
                0x00000d48                __unpack_f
 .text          0x00000e38       0xb2 g:/work/embedded systems/iti/01- imt sdk/imt_sdk_win_64/winavr/bin/../lib/gcc/avr/4.3.3/avr5\libgcc.a(_fpcmp_parts_sf.o)
                0x00000e38                __fpcmp_parts_f
 .text          0x00000eea        0x0 g:/work/embedded systems/iti/01- imt sdk/imt_sdk_win_64/winavr/bin/../lib/gcc/avr/4.3.3/avr5\libgcc.a(_clz.o)
                0x00000eea                . = ALIGN (0x2)
 *(.text.*)
 .text.ADC_voidInit
                0x00000eea       0x94 ./ADC.o
                0x00000eea                ADC_voidInit
 .text.ADC_voidEnable
                0x00000f7e       0x1c ./ADC.o
                0x00000f7e                ADC_voidEnable
 .text.ADC_voidDisable
                0x00000f9a       0x1c ./ADC.o
                0x00000f9a                ADC_voidDisable
 .text.ADC_voidInterruptEnable
                0x00000fb6       0x1c ./ADC.o
                0x00000fb6                ADC_voidInterruptEnable
 .text.ADC_voidInterruptDisable
                0x00000fd2       0x1c ./ADC.o
                0x00000fd2                ADC_voidInterruptDisable
 .text.ADC_voidSetCallback
                0x00000fee       0x24 ./ADC.o
                0x00000fee                ADC_voidSetCallback
 .text.ADC_u16ReadSync
                0x00001012       0x6a ./ADC.o
                0x00001012                ADC_u16ReadSync
 .text.ADC_voidStartConversion
                0x0000107c       0x1c ./ADC.o
                0x0000107c                ADC_voidStartConversion
 .text.ADC_u16ReadASync
                0x00001098       0x16 ./ADC.o
                0x00001098                ADC_u16ReadASync
 .text.ADC_f32NumtoVolt
                0x000010ae       0x76 ./ADC.o
                0x000010ae                ADC_f32NumtoVolt
 .text.ADC_voidPinSwitch
                0x00001124       0x28 ./ADC.o
                0x00001124                ADC_voidPinSwitch
 .text.__vector_16
                0x0000114c       0x7e ./ADC.o
                0x0000114c                __vector_16
 .text.Dummy    0x000011ca        0xe ./ADC.o
                0x000011ca                Dummy
 .text.DIO_voidInit
                0x000011d8       0x2e ./DIO.o
                0x000011d8                DIO_voidInit
 .text.DIO_enuWritePin
                0x00001206      0x216 ./DIO.o
                0x00001206                DIO_enuWritePin
 .text.DIO_enuReadPin
                0x0000141c      0x10e ./DIO.o
                0x0000141c                DIO_enuReadPin
 .text.DIO_enuPullWrite
                0x0000152a       0x20 ./DIO.o
                0x0000152a                DIO_enuPullWrite
 .text.DIO_enuWriteBus
                0x0000154a       0xbc ./DIO.o
                0x0000154a                DIO_enuWriteBus
 .text.DIO_enuReadBus
                0x00001606       0xbe ./DIO.o
                0x00001606                DIO_enuReadBus
 .text.DIO_enuWritePinDir
                0x000016c4      0x216 ./DIO.o
                0x000016c4                DIO_enuWritePinDir
 .text.DIO_enuTogglePin
                0x000018da       0xfa ./DIO.o
                0x000018da                DIO_enuTogglePin
 .text.LCD_voidInit
                0x000019d4     0x161c ./LCD.o
                0x000019d4                LCD_voidInit
 .text.LCD_enuWriteCmd
                0x00002ff0       0x5c ./LCD.o
                0x00002ff0                LCD_enuWriteCmd
 .text.LCD_enuWriteChar
                0x0000304c       0x5c ./LCD.o
                0x0000304c                LCD_enuWriteChar
 .text.LCD_enuWritenumber
                0x000030a8      0x2f4 ./LCD.o
                0x000030a8                LCD_enuWritenumber
 .text.LCD_enuHelp
                0x0000339c      0x1b8 ./LCD.o
 .text.LCD_enuCreateCustChar
                0x00003554       0x86 ./LCD.o
                0x00003554                LCD_enuCreateCustChar
 .text.LED_enuWriteValue
                0x000035da      0x12a ./LED.o
                0x000035da                LED_enuWriteValue
 .text.LED_enuToggle
                0x00003704       0x3e ./LED.o
                0x00003704                LED_enuToggle
 .text.tenu_Relay_enu_on
                0x00003742       0x3c ./Relay.o
                0x00003742                tenu_Relay_enu_on
 .text.tenu_Relay_enu_off
                0x0000377e       0x3c ./Relay.o
                0x0000377e                tenu_Relay_enu_off
 .text.SPI_voidInit
                0x000037ba       0x16 ./SPI.o
                0x000037ba                SPI_voidInit
 .text.SPI_u8DataTransfer_Sync
                0x000037d0       0x26 ./SPI.o
                0x000037d0                SPI_u8DataTransfer_Sync
 .text.SPI_u8DataRecieve_Sync
                0x000037f6       0x1e ./SPI.o
                0x000037f6                SPI_u8DataRecieve_Sync
 .text.SPI_voidWriteData_Async
                0x00003814       0x22 ./SPI.o
                0x00003814                SPI_voidWriteData_Async
 .text.SPI_u8ReadData_Async
                0x00003836       0x12 ./SPI.o
                0x00003836                SPI_u8ReadData_Async
 .text.SPI_voidSetInterruptState
                0x00003848       0x38 ./SPI.o
                0x00003848                SPI_voidSetInterruptState
 .text.__vector_12
                0x00003880       0x62 ./SPI.o
                0x00003880                __vector_12
 .text.TIM1_voidInit
                0x000038e2       0xda ./TIM1.o
                0x000038e2                TIM1_voidInit
 .text.TIM1_voidSetPreloadValue
                0x000039bc       0x24 ./TIM1.o
                0x000039bc                TIM1_voidSetPreloadValue
 .text.TIM1_voidSetOutputCompareAValue
                0x000039e0       0x24 ./TIM1.o
                0x000039e0                TIM1_voidSetOutputCompareAValue
 .text.TIM1_voidSetOutputCompareBValue
                0x00003a04       0x24 ./TIM1.o
                0x00003a04                TIM1_voidSetOutputCompareBValue
 .text.TIM1_voidEnableOVFIntterrupt
                0x00003a28       0x1c ./TIM1.o
                0x00003a28                TIM1_voidEnableOVFIntterrupt
 .text.TIM1_voidDisableOVFIntterrupt
                0x00003a44       0x1c ./TIM1.o
                0x00003a44                TIM1_voidDisableOVFIntterrupt
 .text.TIM1_voidEnableCTCAIntterrupt
                0x00003a60       0x1c ./TIM1.o
                0x00003a60                TIM1_voidEnableCTCAIntterrupt
 .text.TIM1_voidDisableCTCAIntterrupt
                0x00003a7c       0x1c ./TIM1.o
                0x00003a7c                TIM1_voidDisableCTCAIntterrupt
 .text.TIM1_voidEnableCTCBIntterrupt
                0x00003a98       0x1c ./TIM1.o
                0x00003a98                TIM1_voidEnableCTCBIntterrupt
 .text.TIM1_voidDisableCTCBIntterrupt
                0x00003ab4       0x1c ./TIM1.o
                0x00003ab4                TIM1_voidDisableCTCBIntterrupt
 .text.TIM1_voidEnableICUIntterrupt
                0x00003ad0       0x1c ./TIM1.o
                0x00003ad0                TIM1_voidEnableICUIntterrupt
 .text.TIM1_voidDisableICUIntterrupt
                0x00003aec       0x1c ./TIM1.o
                0x00003aec                TIM1_voidDisableICUIntterrupt
 .text.TIM1_voidSetOvfCallback
                0x00003b08       0x24 ./TIM1.o
                0x00003b08                TIM1_voidSetOvfCallback
 .text.TIM1_voidSetCtcACallback
                0x00003b2c       0x24 ./TIM1.o
                0x00003b2c                TIM1_voidSetCtcACallback
 .text.TIM1_voidSetCtcBCallback
                0x00003b50       0x24 ./TIM1.o
                0x00003b50                TIM1_voidSetCtcBCallback
 .text.TIM1_voidSetICUCallback
                0x00003b74       0x24 ./TIM1.o
                0x00003b74                TIM1_voidSetICUCallback
 .text.TIM1_u16GetCntrValue
                0x00003b98       0x16 ./TIM1.o
                0x00003b98                TIM1_u16GetCntrValue
 .text.__vector_9
                0x00003bae       0x5a ./TIM1.o
                0x00003bae                __vector_9
 .text.__vector_7
                0x00003c08       0x5a ./TIM1.o
                0x00003c08                __vector_7
 .text.__vector_8
                0x00003c62       0x5a ./TIM1.o
                0x00003c62                __vector_8
 .text.__vector_6
                0x00003cbc       0x5a ./TIM1.o
                0x00003cbc                __vector_6
 .text.TIM1_voidPWMAGenerate
                0x00003d16       0x98 ./TIM1.o
                0x00003d16                TIM1_voidPWMAGenerate
 .text.TIM1_voidPWMBGenerate
                0x00003dae       0x98 ./TIM1.o
                0x00003dae                TIM1_voidPWMBGenerate
 .text.main     0x00003e46      0x448 ./main.o
                0x00003e46                main
 .text.display_String
                0x0000428e       0x62 ./main.o
                0x0000428e                display_String
 .text.SERVO_voidMove
                0x000042f0       0x4c ./servo.o
                0x000042f0                SERVO_voidMove
 .text.libgcc   0x0000433c       0x26 g:/work/embedded systems/iti/01- imt sdk/imt_sdk_win_64/winavr/bin/../lib/gcc/avr/4.3.3/avr5\libgcc.a(_divmodhi4.o)
                0x0000433c                __divmodhi4
                0x0000433c                _div
 .text.libgcc   0x00004362        0x0 g:/work/embedded systems/iti/01- imt sdk/imt_sdk_win_64/winavr/bin/../lib/gcc/avr/4.3.3/avr5\libgcc.a(_exit.o)
 .text.libgcc   0x00004362        0x0 g:/work/embedded systems/iti/01- imt sdk/imt_sdk_win_64/winavr/bin/../lib/gcc/avr/4.3.3/avr5\libgcc.a(_copy_data.o)
 .text.libgcc   0x00004362        0x0 g:/work/embedded systems/iti/01- imt sdk/imt_sdk_win_64/winavr/bin/../lib/gcc/avr/4.3.3/avr5\libgcc.a(_clear_bss.o)
 .text.libgcc   0x00004362       0x28 g:/work/embedded systems/iti/01- imt sdk/imt_sdk_win_64/winavr/bin/../lib/gcc/avr/4.3.3/avr5\libgcc.a(_udivmodhi4.o)
                0x00004362                __udivmodhi4
 .text.libgcc   0x0000438a       0x38 g:/work/embedded systems/iti/01- imt sdk/imt_sdk_win_64/winavr/bin/../lib/gcc/avr/4.3.3/avr5\libgcc.a(_prologue.o)
                0x0000438a                __prologue_saves__
 .text.libgcc   0x000043c2       0x36 g:/work/embedded systems/iti/01- imt sdk/imt_sdk_win_64/winavr/bin/../lib/gcc/avr/4.3.3/avr5\libgcc.a(_epilogue.o)
                0x000043c2                __epilogue_restores__
                0x000043f8                . = ALIGN (0x2)
 *(.fini9)
 .fini9         0x000043f8        0x0 g:/work/embedded systems/iti/01- imt sdk/imt_sdk_win_64/winavr/bin/../lib/gcc/avr/4.3.3/avr5\libgcc.a(_exit.o)
                0x000043f8                exit
                0x000043f8                _exit
 *(.fini9)
 *(.fini8)
 *(.fini8)
 *(.fini7)
 *(.fini7)
 *(.fini6)
 *(.fini6)
 *(.fini5)
 *(.fini5)
 *(.fini4)
 *(.fini4)
 *(.fini3)
 *(.fini3)
 *(.fini2)
 *(.fini2)
 *(.fini1)
 *(.fini1)
 *(.fini0)
 .fini0         0x000043f8        0x4 g:/work/embedded systems/iti/01- imt sdk/imt_sdk_win_64/winavr/bin/../lib/gcc/avr/4.3.3/avr5\libgcc.a(_exit.o)
 *(.fini0)
                0x000043fc                _etext = .

.data           0x00800060      0x14c load address 0x000043fc
                0x00800060                PROVIDE (__data_start, .)
 *(.data)
 .data          0x00800060        0x0 g:/work/embedded systems/iti/01- imt sdk/imt_sdk_win_64/winavr/bin/../lib/gcc/avr/4.3.3/../../../../avr/lib/avr5/crtm32.o
 .data          0x00800060        0x0 ./ADC.o
 .data          0x00800060        0x0 ./DIO.o
 .data          0x00800060        0x0 ./LCD.o
 .data          0x00800060        0x0 ./LCD_cfg.o
 .data          0x00800060        0x0 ./LED.o
 .data          0x00800060        0x0 ./LED_cfg.o
 .data          0x00800060        0x0 ./Relay.o
 .data          0x00800060        0x0 ./Relay_cfg.o
 .data          0x00800060        0x0 ./SPI.o
 .data          0x00800060        0x0 ./TIM1.o
 .data          0x00800060        0x0 ./TIM1_cfg.o
 .data          0x00800060       0x17 ./main.o
 .data          0x00800077        0x0 ./servo.o
 .data          0x00800077        0x0 ./servo_cfg.o
 .data          0x00800077        0x0 g:/work/embedded systems/iti/01- imt sdk/imt_sdk_win_64/winavr/bin/../lib/gcc/avr/4.3.3/avr5\libgcc.a(_divmodhi4.o)
 .data          0x00800077        0x0 g:/work/embedded systems/iti/01- imt sdk/imt_sdk_win_64/winavr/bin/../lib/gcc/avr/4.3.3/avr5\libgcc.a(_exit.o)
 .data          0x00800077        0x0 g:/work/embedded systems/iti/01- imt sdk/imt_sdk_win_64/winavr/bin/../lib/gcc/avr/4.3.3/avr5\libgcc.a(_copy_data.o)
 .data          0x00800077        0x0 g:/work/embedded systems/iti/01- imt sdk/imt_sdk_win_64/winavr/bin/../lib/gcc/avr/4.3.3/avr5\libgcc.a(_clear_bss.o)
 .data          0x00800077        0x0 g:/work/embedded systems/iti/01- imt sdk/imt_sdk_win_64/winavr/bin/../lib/gcc/avr/4.3.3/avr5\libgcc.a(_fixunssfsi.o)
 .data          0x00800077        0x0 g:/work/embedded systems/iti/01- imt sdk/imt_sdk_win_64/winavr/bin/../lib/gcc/avr/4.3.3/avr5\libgcc.a(_addsub_sf.o)
 .data          0x00800077        0x0 g:/work/embedded systems/iti/01- imt sdk/imt_sdk_win_64/winavr/bin/../lib/gcc/avr/4.3.3/avr5\libgcc.a(_mul_sf.o)
 .data          0x00800077        0x0 g:/work/embedded systems/iti/01- imt sdk/imt_sdk_win_64/winavr/bin/../lib/gcc/avr/4.3.3/avr5\libgcc.a(_div_sf.o)
 .data          0x00800077        0x0 g:/work/embedded systems/iti/01- imt sdk/imt_sdk_win_64/winavr/bin/../lib/gcc/avr/4.3.3/avr5\libgcc.a(_gt_sf.o)
 .data          0x00800077        0x0 g:/work/embedded systems/iti/01- imt sdk/imt_sdk_win_64/winavr/bin/../lib/gcc/avr/4.3.3/avr5\libgcc.a(_ge_sf.o)
 .data          0x00800077        0x0 g:/work/embedded systems/iti/01- imt sdk/imt_sdk_win_64/winavr/bin/../lib/gcc/avr/4.3.3/avr5\libgcc.a(_lt_sf.o)
 .data          0x00800077        0x0 g:/work/embedded systems/iti/01- imt sdk/imt_sdk_win_64/winavr/bin/../lib/gcc/avr/4.3.3/avr5\libgcc.a(_si_to_sf.o)
 .data          0x00800077        0x0 g:/work/embedded systems/iti/01- imt sdk/imt_sdk_win_64/winavr/bin/../lib/gcc/avr/4.3.3/avr5\libgcc.a(_sf_to_si.o)
 .data          0x00800077        0x8 g:/work/embedded systems/iti/01- imt sdk/imt_sdk_win_64/winavr/bin/../lib/gcc/avr/4.3.3/avr5\libgcc.a(_thenan_sf.o)
                0x00800077                __thenan_sf
 .data          0x0080007f        0x0 g:/work/embedded systems/iti/01- imt sdk/imt_sdk_win_64/winavr/bin/../lib/gcc/avr/4.3.3/avr5\libgcc.a(_usi_to_sf.o)
 .data          0x0080007f        0x0 g:/work/embedded systems/iti/01- imt sdk/imt_sdk_win_64/winavr/bin/../lib/gcc/avr/4.3.3/avr5\libgcc.a(_udivmodhi4.o)
 .data          0x0080007f        0x0 g:/work/embedded systems/iti/01- imt sdk/imt_sdk_win_64/winavr/bin/../lib/gcc/avr/4.3.3/avr5\libgcc.a(_prologue.o)
 .data          0x0080007f        0x0 g:/work/embedded systems/iti/01- imt sdk/imt_sdk_win_64/winavr/bin/../lib/gcc/avr/4.3.3/avr5\libgcc.a(_epilogue.o)
 .data          0x0080007f        0x0 g:/work/embedded systems/iti/01- imt sdk/imt_sdk_win_64/winavr/bin/../lib/gcc/avr/4.3.3/avr5\libgcc.a(_clzsi2.o)
 .data          0x0080007f        0x0 g:/work/embedded systems/iti/01- imt sdk/imt_sdk_win_64/winavr/bin/../lib/gcc/avr/4.3.3/avr5\libgcc.a(_pack_sf.o)
 .data          0x0080007f        0x0 g:/work/embedded systems/iti/01- imt sdk/imt_sdk_win_64/winavr/bin/../lib/gcc/avr/4.3.3/avr5\libgcc.a(_unpack_sf.o)
 .data          0x0080007f        0x0 g:/work/embedded systems/iti/01- imt sdk/imt_sdk_win_64/winavr/bin/../lib/gcc/avr/4.3.3/avr5\libgcc.a(_fpcmp_parts_sf.o)
 .data          0x0080007f      0x100 g:/work/embedded systems/iti/01- imt sdk/imt_sdk_win_64/winavr/bin/../lib/gcc/avr/4.3.3/avr5\libgcc.a(_clz.o)
                0x0080007f                __clz_tab
 *(.data*)
 .data.LCD_astrCfg
                0x0080017f       0x24 ./LCD_cfg.o
                0x0080017f                LCD_astrCfg
 .data.LED_astrLedPinMapping
                0x008001a3        0x6 ./LED_cfg.o
                0x008001a3                LED_astrLedPinMapping
 .data.u8RelayPinMapping
                0x008001a9        0x1 ./Relay_cfg.o
                0x008001a9                u8RelayPinMapping
 .data.arrPtoFunc
                0x008001aa        0x2 ./servo_cfg.o
                0x008001aa                arrPtoFunc
 *(.rodata)
 *(.rodata*)
 *(.gnu.linkonce.d*)
                0x008001ac                . = ALIGN (0x2)
                0x008001ac                _edata = .
                0x008001ac                PROVIDE (__data_end, .)

.bss            0x008001ac       0x10
                0x008001ac                PROVIDE (__bss_start, .)
 *(.bss)
 .bss           0x008001ac        0x0 g:/work/embedded systems/iti/01- imt sdk/imt_sdk_win_64/winavr/bin/../lib/gcc/avr/4.3.3/../../../../avr/lib/avr5/crtm32.o
 .bss           0x008001ac        0x0 ./ADC.o
 .bss           0x008001ac        0x0 ./DIO.o
 .bss           0x008001ac        0x0 ./LCD.o
 .bss           0x008001ac        0x0 ./LCD_cfg.o
 .bss           0x008001ac        0x0 ./LED.o
 .bss           0x008001ac        0x0 ./LED_cfg.o
 .bss           0x008001ac        0x0 ./Relay.o
 .bss           0x008001ac        0x0 ./Relay_cfg.o
 .bss           0x008001ac        0x0 ./SPI.o
 .bss           0x008001ac        0x0 ./TIM1.o
 .bss           0x008001ac        0x0 ./TIM1_cfg.o
 .bss           0x008001ac        0x0 ./main.o
 .bss           0x008001ac        0x0 ./servo.o
 .bss           0x008001ac        0x0 ./servo_cfg.o
 .bss           0x008001ac        0x0 g:/work/embedded systems/iti/01- imt sdk/imt_sdk_win_64/winavr/bin/../lib/gcc/avr/4.3.3/avr5\libgcc.a(_divmodhi4.o)
 .bss           0x008001ac        0x0 g:/work/embedded systems/iti/01- imt sdk/imt_sdk_win_64/winavr/bin/../lib/gcc/avr/4.3.3/avr5\libgcc.a(_exit.o)
 .bss           0x008001ac        0x0 g:/work/embedded systems/iti/01- imt sdk/imt_sdk_win_64/winavr/bin/../lib/gcc/avr/4.3.3/avr5\libgcc.a(_copy_data.o)
 .bss           0x008001ac        0x0 g:/work/embedded systems/iti/01- imt sdk/imt_sdk_win_64/winavr/bin/../lib/gcc/avr/4.3.3/avr5\libgcc.a(_clear_bss.o)
 .bss           0x008001ac        0x0 g:/work/embedded systems/iti/01- imt sdk/imt_sdk_win_64/winavr/bin/../lib/gcc/avr/4.3.3/avr5\libgcc.a(_fixunssfsi.o)
 .bss           0x008001ac        0x0 g:/work/embedded systems/iti/01- imt sdk/imt_sdk_win_64/winavr/bin/../lib/gcc/avr/4.3.3/avr5\libgcc.a(_addsub_sf.o)
 .bss           0x008001ac        0x0 g:/work/embedded systems/iti/01- imt sdk/imt_sdk_win_64/winavr/bin/../lib/gcc/avr/4.3.3/avr5\libgcc.a(_mul_sf.o)
 .bss           0x008001ac        0x0 g:/work/embedded systems/iti/01- imt sdk/imt_sdk_win_64/winavr/bin/../lib/gcc/avr/4.3.3/avr5\libgcc.a(_div_sf.o)
 .bss           0x008001ac        0x0 g:/work/embedded systems/iti/01- imt sdk/imt_sdk_win_64/winavr/bin/../lib/gcc/avr/4.3.3/avr5\libgcc.a(_gt_sf.o)
 .bss           0x008001ac        0x0 g:/work/embedded systems/iti/01- imt sdk/imt_sdk_win_64/winavr/bin/../lib/gcc/avr/4.3.3/avr5\libgcc.a(_ge_sf.o)
 .bss           0x008001ac        0x0 g:/work/embedded systems/iti/01- imt sdk/imt_sdk_win_64/winavr/bin/../lib/gcc/avr/4.3.3/avr5\libgcc.a(_lt_sf.o)
 .bss           0x008001ac        0x0 g:/work/embedded systems/iti/01- imt sdk/imt_sdk_win_64/winavr/bin/../lib/gcc/avr/4.3.3/avr5\libgcc.a(_si_to_sf.o)
 .bss           0x008001ac        0x0 g:/work/embedded systems/iti/01- imt sdk/imt_sdk_win_64/winavr/bin/../lib/gcc/avr/4.3.3/avr5\libgcc.a(_sf_to_si.o)
 .bss           0x008001ac        0x0 g:/work/embedded systems/iti/01- imt sdk/imt_sdk_win_64/winavr/bin/../lib/gcc/avr/4.3.3/avr5\libgcc.a(_thenan_sf.o)
 .bss           0x008001ac        0x0 g:/work/embedded systems/iti/01- imt sdk/imt_sdk_win_64/winavr/bin/../lib/gcc/avr/4.3.3/avr5\libgcc.a(_usi_to_sf.o)
 .bss           0x008001ac        0x0 g:/work/embedded systems/iti/01- imt sdk/imt_sdk_win_64/winavr/bin/../lib/gcc/avr/4.3.3/avr5\libgcc.a(_udivmodhi4.o)
 .bss           0x008001ac        0x0 g:/work/embedded systems/iti/01- imt sdk/imt_sdk_win_64/winavr/bin/../lib/gcc/avr/4.3.3/avr5\libgcc.a(_prologue.o)
 .bss           0x008001ac        0x0 g:/work/embedded systems/iti/01- imt sdk/imt_sdk_win_64/winavr/bin/../lib/gcc/avr/4.3.3/avr5\libgcc.a(_epilogue.o)
 .bss           0x008001ac        0x0 g:/work/embedded systems/iti/01- imt sdk/imt_sdk_win_64/winavr/bin/../lib/gcc/avr/4.3.3/avr5\libgcc.a(_clzsi2.o)
 .bss           0x008001ac        0x0 g:/work/embedded systems/iti/01- imt sdk/imt_sdk_win_64/winavr/bin/../lib/gcc/avr/4.3.3/avr5\libgcc.a(_pack_sf.o)
 .bss           0x008001ac        0x0 g:/work/embedded systems/iti/01- imt sdk/imt_sdk_win_64/winavr/bin/../lib/gcc/avr/4.3.3/avr5\libgcc.a(_unpack_sf.o)
 .bss           0x008001ac        0x0 g:/work/embedded systems/iti/01- imt sdk/imt_sdk_win_64/winavr/bin/../lib/gcc/avr/4.3.3/avr5\libgcc.a(_fpcmp_parts_sf.o)
 .bss           0x008001ac        0x0 g:/work/embedded systems/iti/01- imt sdk/imt_sdk_win_64/winavr/bin/../lib/gcc/avr/4.3.3/avr5\libgcc.a(_clz.o)
 *(.bss*)
 *(COMMON)
 COMMON         0x008001ac        0x4 ./ADC.o
                0x008001ac                ADC_pfCallback
                0x008001ae                ADC_ReadValue
 COMMON         0x008001b0        0x0 ./LCD.o
 COMMON         0x008001b0        0x2 ./SPI.o
                0x008001b0                SPI_u8RxBuffer
                0x008001b1                SPI_u8TxState
 COMMON         0x008001b2        0x8 ./TIM1.o
                0x008001b2                TIM1_pfICUCallBack
                0x008001b4                TIM1_pfOvfCallback
                0x008001b6                TIM1_pfCtcACallback
                0x008001b8                TIM1_pfCtcBCallback
 COMMON         0x008001ba        0x2 ./main.o
                0x008001ba                u16data
                0x008001bc                PROVIDE (__bss_end, .)
                0x000043fc                __data_load_start = LOADADDR (.data)
                0x00004548                __data_load_end = (__data_load_start + SIZEOF (.data))

.noinit         0x008001bc        0x0
                0x008001bc                PROVIDE (__noinit_start, .)
 *(.noinit*)
                0x008001bc                PROVIDE (__noinit_end, .)
                0x008001bc                _end = .
                0x008001bc                PROVIDE (__heap_start, .)

.eeprom         0x00810000        0x0
 *(.eeprom*)
                0x00810000                __eeprom_end = .

.fuse
 *(.fuse)
 *(.lfuse)
 *(.hfuse)
 *(.efuse)

.lock
 *(.lock*)

.signature
 *(.signature*)

.stab           0x00000000     0x3b34
 *(.stab)
 .stab          0x00000000      0x744 ./ADC.o
 .stab          0x00000744      0x7f8 ./DIO.o
                                0x8f4 (size before relaxing)
 .stab          0x00000f3c     0x1164 ./LCD.o
                               0x1410 (size before relaxing)
 .stab          0x000020a0      0x108 ./LCD_cfg.o
                                0x24c (size before relaxing)
 .stab          0x000021a8      0x2c4 ./LED.o
                                0x3d8 (size before relaxing)
 .stab          0x0000246c      0x108 ./LED_cfg.o
                                0x234 (size before relaxing)
 .stab          0x00002574      0x1f8 ./Relay.o
                                0x30c (size before relaxing)
 .stab          0x0000276c       0xfc ./Relay_cfg.o
                                0x210 (size before relaxing)
 .stab          0x00002868      0x300 ./SPI.o
                                0x3fc (size before relaxing)
 .stab          0x00002b68      0x684 ./TIM1.o
                                0x780 (size before relaxing)
 .stab          0x000031ec       0xd8 ./TIM1_cfg.o
                                 0xe4 (size before relaxing)
 .stab          0x000032c4      0x648 ./main.o
                                0x8f4 (size before relaxing)
 .stab          0x0000390c      0x12c ./servo.o
                                0x228 (size before relaxing)
 .stab          0x00003a38       0xfc ./servo_cfg.o
                                0x210 (size before relaxing)

.stabstr        0x00000000     0x1a75
 *(.stabstr)
 .stabstr       0x00000000     0x1a75 ./ADC.o

.stab.excl
 *(.stab.excl)

.stab.exclstr
 *(.stab.exclstr)

.stab.index
 *(.stab.index)

.stab.indexstr
 *(.stab.indexstr)

.comment
 *(.comment)

.debug
 *(.debug)

.line
 *(.line)

.debug_srcinfo
 *(.debug_srcinfo)

.debug_sfnames
 *(.debug_sfnames)

.debug_aranges  0x00000000      0x1c0
 *(.debug_aranges)
 .debug_aranges
                0x00000000       0x20 g:/work/embedded systems/iti/01- imt sdk/imt_sdk_win_64/winavr/bin/../lib/gcc/avr/4.3.3/avr5\libgcc.a(_fixunssfsi.o)
 .debug_aranges
                0x00000020       0x20 g:/work/embedded systems/iti/01- imt sdk/imt_sdk_win_64/winavr/bin/../lib/gcc/avr/4.3.3/avr5\libgcc.a(_addsub_sf.o)
 .debug_aranges
                0x00000040       0x20 g:/work/embedded systems/iti/01- imt sdk/imt_sdk_win_64/winavr/bin/../lib/gcc/avr/4.3.3/avr5\libgcc.a(_mul_sf.o)
 .debug_aranges
                0x00000060       0x20 g:/work/embedded systems/iti/01- imt sdk/imt_sdk_win_64/winavr/bin/../lib/gcc/avr/4.3.3/avr5\libgcc.a(_div_sf.o)
 .debug_aranges
                0x00000080       0x20 g:/work/embedded systems/iti/01- imt sdk/imt_sdk_win_64/winavr/bin/../lib/gcc/avr/4.3.3/avr5\libgcc.a(_gt_sf.o)
 .debug_aranges
                0x000000a0       0x20 g:/work/embedded systems/iti/01- imt sdk/imt_sdk_win_64/winavr/bin/../lib/gcc/avr/4.3.3/avr5\libgcc.a(_ge_sf.o)
 .debug_aranges
                0x000000c0       0x20 g:/work/embedded systems/iti/01- imt sdk/imt_sdk_win_64/winavr/bin/../lib/gcc/avr/4.3.3/avr5\libgcc.a(_lt_sf.o)
 .debug_aranges
                0x000000e0       0x20 g:/work/embedded systems/iti/01- imt sdk/imt_sdk_win_64/winavr/bin/../lib/gcc/avr/4.3.3/avr5\libgcc.a(_si_to_sf.o)
 .debug_aranges
                0x00000100       0x20 g:/work/embedded systems/iti/01- imt sdk/imt_sdk_win_64/winavr/bin/../lib/gcc/avr/4.3.3/avr5\libgcc.a(_sf_to_si.o)
 .debug_aranges
                0x00000120       0x20 g:/work/embedded systems/iti/01- imt sdk/imt_sdk_win_64/winavr/bin/../lib/gcc/avr/4.3.3/avr5\libgcc.a(_usi_to_sf.o)
 .debug_aranges
                0x00000140       0x20 g:/work/embedded systems/iti/01- imt sdk/imt_sdk_win_64/winavr/bin/../lib/gcc/avr/4.3.3/avr5\libgcc.a(_clzsi2.o)
 .debug_aranges
                0x00000160       0x20 g:/work/embedded systems/iti/01- imt sdk/imt_sdk_win_64/winavr/bin/../lib/gcc/avr/4.3.3/avr5\libgcc.a(_pack_sf.o)
 .debug_aranges
                0x00000180       0x20 g:/work/embedded systems/iti/01- imt sdk/imt_sdk_win_64/winavr/bin/../lib/gcc/avr/4.3.3/avr5\libgcc.a(_unpack_sf.o)
 .debug_aranges
                0x000001a0       0x20 g:/work/embedded systems/iti/01- imt sdk/imt_sdk_win_64/winavr/bin/../lib/gcc/avr/4.3.3/avr5\libgcc.a(_fpcmp_parts_sf.o)

.debug_pubnames
                0x00000000      0x214
 *(.debug_pubnames)
 .debug_pubnames
                0x00000000       0x23 g:/work/embedded systems/iti/01- imt sdk/imt_sdk_win_64/winavr/bin/../lib/gcc/avr/4.3.3/avr5\libgcc.a(_fixunssfsi.o)
 .debug_pubnames
                0x00000023       0x2c g:/work/embedded systems/iti/01- imt sdk/imt_sdk_win_64/winavr/bin/../lib/gcc/avr/4.3.3/avr5\libgcc.a(_addsub_sf.o)
 .debug_pubnames
                0x0000004f       0x1f g:/work/embedded systems/iti/01- imt sdk/imt_sdk_win_64/winavr/bin/../lib/gcc/avr/4.3.3/avr5\libgcc.a(_mul_sf.o)
 .debug_pubnames
                0x0000006e       0x1f g:/work/embedded systems/iti/01- imt sdk/imt_sdk_win_64/winavr/bin/../lib/gcc/avr/4.3.3/avr5\libgcc.a(_div_sf.o)
 .debug_pubnames
                0x0000008d       0x1e g:/work/embedded systems/iti/01- imt sdk/imt_sdk_win_64/winavr/bin/../lib/gcc/avr/4.3.3/avr5\libgcc.a(_gt_sf.o)
 .debug_pubnames
                0x000000ab       0x1e g:/work/embedded systems/iti/01- imt sdk/imt_sdk_win_64/winavr/bin/../lib/gcc/avr/4.3.3/avr5\libgcc.a(_ge_sf.o)
 .debug_pubnames
                0x000000c9       0x1e g:/work/embedded systems/iti/01- imt sdk/imt_sdk_win_64/winavr/bin/../lib/gcc/avr/4.3.3/avr5\libgcc.a(_lt_sf.o)
 .debug_pubnames
                0x000000e7       0x22 g:/work/embedded systems/iti/01- imt sdk/imt_sdk_win_64/winavr/bin/../lib/gcc/avr/4.3.3/avr5\libgcc.a(_si_to_sf.o)
 .debug_pubnames
                0x00000109       0x20 g:/work/embedded systems/iti/01- imt sdk/imt_sdk_win_64/winavr/bin/../lib/gcc/avr/4.3.3/avr5\libgcc.a(_sf_to_si.o)
 .debug_pubnames
                0x00000129       0x22 g:/work/embedded systems/iti/01- imt sdk/imt_sdk_win_64/winavr/bin/../lib/gcc/avr/4.3.3/avr5\libgcc.a(_thenan_sf.o)
 .debug_pubnames
                0x0000014b       0x24 g:/work/embedded systems/iti/01- imt sdk/imt_sdk_win_64/winavr/bin/../lib/gcc/avr/4.3.3/avr5\libgcc.a(_usi_to_sf.o)
 .debug_pubnames
                0x0000016f       0x1f g:/work/embedded systems/iti/01- imt sdk/imt_sdk_win_64/winavr/bin/../lib/gcc/avr/4.3.3/avr5\libgcc.a(_clzsi2.o)
 .debug_pubnames
                0x0000018e       0x1f g:/work/embedded systems/iti/01- imt sdk/imt_sdk_win_64/winavr/bin/../lib/gcc/avr/4.3.3/avr5\libgcc.a(_pack_sf.o)
 .debug_pubnames
                0x000001ad       0x21 g:/work/embedded systems/iti/01- imt sdk/imt_sdk_win_64/winavr/bin/../lib/gcc/avr/4.3.3/avr5\libgcc.a(_unpack_sf.o)
 .debug_pubnames
                0x000001ce       0x26 g:/work/embedded systems/iti/01- imt sdk/imt_sdk_win_64/winavr/bin/../lib/gcc/avr/4.3.3/avr5\libgcc.a(_fpcmp_parts_sf.o)
 .debug_pubnames
                0x000001f4       0x20 g:/work/embedded systems/iti/01- imt sdk/imt_sdk_win_64/winavr/bin/../lib/gcc/avr/4.3.3/avr5\libgcc.a(_clz.o)

.debug_info     0x00000000     0x2612
 *(.debug_info)
 .debug_info    0x00000000       0xb1 g:/work/embedded systems/iti/01- imt sdk/imt_sdk_win_64/winavr/bin/../lib/gcc/avr/4.3.3/avr5\libgcc.a(_fixunssfsi.o)
 .debug_info    0x000000b1      0x47a g:/work/embedded systems/iti/01- imt sdk/imt_sdk_win_64/winavr/bin/../lib/gcc/avr/4.3.3/avr5\libgcc.a(_addsub_sf.o)
 .debug_info    0x0000052b      0x485 g:/work/embedded systems/iti/01- imt sdk/imt_sdk_win_64/winavr/bin/../lib/gcc/avr/4.3.3/avr5\libgcc.a(_mul_sf.o)
 .debug_info    0x000009b0      0x3fc g:/work/embedded systems/iti/01- imt sdk/imt_sdk_win_64/winavr/bin/../lib/gcc/avr/4.3.3/avr5\libgcc.a(_div_sf.o)
 .debug_info    0x00000dac      0x27f g:/work/embedded systems/iti/01- imt sdk/imt_sdk_win_64/winavr/bin/../lib/gcc/avr/4.3.3/avr5\libgcc.a(_gt_sf.o)
 .debug_info    0x0000102b      0x27f g:/work/embedded systems/iti/01- imt sdk/imt_sdk_win_64/winavr/bin/../lib/gcc/avr/4.3.3/avr5\libgcc.a(_ge_sf.o)
 .debug_info    0x000012aa      0x27f g:/work/embedded systems/iti/01- imt sdk/imt_sdk_win_64/winavr/bin/../lib/gcc/avr/4.3.3/avr5\libgcc.a(_lt_sf.o)
 .debug_info    0x00001529      0x207 g:/work/embedded systems/iti/01- imt sdk/imt_sdk_win_64/winavr/bin/../lib/gcc/avr/4.3.3/avr5\libgcc.a(_si_to_sf.o)
 .debug_info    0x00001730      0x2b0 g:/work/embedded systems/iti/01- imt sdk/imt_sdk_win_64/winavr/bin/../lib/gcc/avr/4.3.3/avr5\libgcc.a(_sf_to_si.o)
 .debug_info    0x000019e0      0x12c g:/work/embedded systems/iti/01- imt sdk/imt_sdk_win_64/winavr/bin/../lib/gcc/avr/4.3.3/avr5\libgcc.a(_thenan_sf.o)
 .debug_info    0x00001b0c      0x206 g:/work/embedded systems/iti/01- imt sdk/imt_sdk_win_64/winavr/bin/../lib/gcc/avr/4.3.3/avr5\libgcc.a(_usi_to_sf.o)
 .debug_info    0x00001d12      0x117 g:/work/embedded systems/iti/01- imt sdk/imt_sdk_win_64/winavr/bin/../lib/gcc/avr/4.3.3/avr5\libgcc.a(_clzsi2.o)
 .debug_info    0x00001e29      0x2df g:/work/embedded systems/iti/01- imt sdk/imt_sdk_win_64/winavr/bin/../lib/gcc/avr/4.3.3/avr5\libgcc.a(_pack_sf.o)
 .debug_info    0x00002108      0x251 g:/work/embedded systems/iti/01- imt sdk/imt_sdk_win_64/winavr/bin/../lib/gcc/avr/4.3.3/avr5\libgcc.a(_unpack_sf.o)
 .debug_info    0x00002359      0x210 g:/work/embedded systems/iti/01- imt sdk/imt_sdk_win_64/winavr/bin/../lib/gcc/avr/4.3.3/avr5\libgcc.a(_fpcmp_parts_sf.o)
 .debug_info    0x00002569       0xa9 g:/work/embedded systems/iti/01- imt sdk/imt_sdk_win_64/winavr/bin/../lib/gcc/avr/4.3.3/avr5\libgcc.a(_clz.o)
 *(.gnu.linkonce.wi.*)

.debug_abbrev   0x00000000     0x14ce
 *(.debug_abbrev)
 .debug_abbrev  0x00000000       0x5d g:/work/embedded systems/iti/01- imt sdk/imt_sdk_win_64/winavr/bin/../lib/gcc/avr/4.3.3/avr5\libgcc.a(_fixunssfsi.o)
 .debug_abbrev  0x0000005d      0x1ea g:/work/embedded systems/iti/01- imt sdk/imt_sdk_win_64/winavr/bin/../lib/gcc/avr/4.3.3/avr5\libgcc.a(_addsub_sf.o)
 .debug_abbrev  0x00000247      0x21b g:/work/embedded systems/iti/01- imt sdk/imt_sdk_win_64/winavr/bin/../lib/gcc/avr/4.3.3/avr5\libgcc.a(_mul_sf.o)
 .debug_abbrev  0x00000462      0x216 g:/work/embedded systems/iti/01- imt sdk/imt_sdk_win_64/winavr/bin/../lib/gcc/avr/4.3.3/avr5\libgcc.a(_div_sf.o)
 .debug_abbrev  0x00000678      0x15a g:/work/embedded systems/iti/01- imt sdk/imt_sdk_win_64/winavr/bin/../lib/gcc/avr/4.3.3/avr5\libgcc.a(_gt_sf.o)
 .debug_abbrev  0x000007d2      0x15a g:/work/embedded systems/iti/01- imt sdk/imt_sdk_win_64/winavr/bin/../lib/gcc/avr/4.3.3/avr5\libgcc.a(_ge_sf.o)
 .debug_abbrev  0x0000092c      0x15a g:/work/embedded systems/iti/01- imt sdk/imt_sdk_win_64/winavr/bin/../lib/gcc/avr/4.3.3/avr5\libgcc.a(_lt_sf.o)
 .debug_abbrev  0x00000a86      0x148 g:/work/embedded systems/iti/01- imt sdk/imt_sdk_win_64/winavr/bin/../lib/gcc/avr/4.3.3/avr5\libgcc.a(_si_to_sf.o)
 .debug_abbrev  0x00000bce      0x17f g:/work/embedded systems/iti/01- imt sdk/imt_sdk_win_64/winavr/bin/../lib/gcc/avr/4.3.3/avr5\libgcc.a(_sf_to_si.o)
 .debug_abbrev  0x00000d4d       0xad g:/work/embedded systems/iti/01- imt sdk/imt_sdk_win_64/winavr/bin/../lib/gcc/avr/4.3.3/avr5\libgcc.a(_thenan_sf.o)
 .debug_abbrev  0x00000dfa      0x157 g:/work/embedded systems/iti/01- imt sdk/imt_sdk_win_64/winavr/bin/../lib/gcc/avr/4.3.3/avr5\libgcc.a(_usi_to_sf.o)
 .debug_abbrev  0x00000f51       0xc4 g:/work/embedded systems/iti/01- imt sdk/imt_sdk_win_64/winavr/bin/../lib/gcc/avr/4.3.3/avr5\libgcc.a(_clzsi2.o)
 .debug_abbrev  0x00001015      0x1c0 g:/work/embedded systems/iti/01- imt sdk/imt_sdk_win_64/winavr/bin/../lib/gcc/avr/4.3.3/avr5\libgcc.a(_pack_sf.o)
 .debug_abbrev  0x000011d5      0x154 g:/work/embedded systems/iti/01- imt sdk/imt_sdk_win_64/winavr/bin/../lib/gcc/avr/4.3.3/avr5\libgcc.a(_unpack_sf.o)
 .debug_abbrev  0x00001329      0x13b g:/work/embedded systems/iti/01- imt sdk/imt_sdk_win_64/winavr/bin/../lib/gcc/avr/4.3.3/avr5\libgcc.a(_fpcmp_parts_sf.o)
 .debug_abbrev  0x00001464       0x6a g:/work/embedded systems/iti/01- imt sdk/imt_sdk_win_64/winavr/bin/../lib/gcc/avr/4.3.3/avr5\libgcc.a(_clz.o)

.debug_line     0x00000000     0x130b
 *(.debug_line)
 .debug_line    0x00000000       0xa7 g:/work/embedded systems/iti/01- imt sdk/imt_sdk_win_64/winavr/bin/../lib/gcc/avr/4.3.3/avr5\libgcc.a(_fixunssfsi.o)
 .debug_line    0x000000a7      0x2af g:/work/embedded systems/iti/01- imt sdk/imt_sdk_win_64/winavr/bin/../lib/gcc/avr/4.3.3/avr5\libgcc.a(_addsub_sf.o)
 .debug_line    0x00000356      0x239 g:/work/embedded systems/iti/01- imt sdk/imt_sdk_win_64/winavr/bin/../lib/gcc/avr/4.3.3/avr5\libgcc.a(_mul_sf.o)
 .debug_line    0x0000058f      0x1d5 g:/work/embedded systems/iti/01- imt sdk/imt_sdk_win_64/winavr/bin/../lib/gcc/avr/4.3.3/avr5\libgcc.a(_div_sf.o)
 .debug_line    0x00000764       0xd3 g:/work/embedded systems/iti/01- imt sdk/imt_sdk_win_64/winavr/bin/../lib/gcc/avr/4.3.3/avr5\libgcc.a(_gt_sf.o)
 .debug_line    0x00000837       0xd3 g:/work/embedded systems/iti/01- imt sdk/imt_sdk_win_64/winavr/bin/../lib/gcc/avr/4.3.3/avr5\libgcc.a(_ge_sf.o)
 .debug_line    0x0000090a       0xd3 g:/work/embedded systems/iti/01- imt sdk/imt_sdk_win_64/winavr/bin/../lib/gcc/avr/4.3.3/avr5\libgcc.a(_lt_sf.o)
 .debug_line    0x000009dd      0x135 g:/work/embedded systems/iti/01- imt sdk/imt_sdk_win_64/winavr/bin/../lib/gcc/avr/4.3.3/avr5\libgcc.a(_si_to_sf.o)
 .debug_line    0x00000b12      0x109 g:/work/embedded systems/iti/01- imt sdk/imt_sdk_win_64/winavr/bin/../lib/gcc/avr/4.3.3/avr5\libgcc.a(_sf_to_si.o)
 .debug_line    0x00000c1b       0x90 g:/work/embedded systems/iti/01- imt sdk/imt_sdk_win_64/winavr/bin/../lib/gcc/avr/4.3.3/avr5\libgcc.a(_thenan_sf.o)
 .debug_line    0x00000cab      0x133 g:/work/embedded systems/iti/01- imt sdk/imt_sdk_win_64/winavr/bin/../lib/gcc/avr/4.3.3/avr5\libgcc.a(_usi_to_sf.o)
 .debug_line    0x00000dde       0xa5 g:/work/embedded systems/iti/01- imt sdk/imt_sdk_win_64/winavr/bin/../lib/gcc/avr/4.3.3/avr5\libgcc.a(_clzsi2.o)
 .debug_line    0x00000e83      0x18a g:/work/embedded systems/iti/01- imt sdk/imt_sdk_win_64/winavr/bin/../lib/gcc/avr/4.3.3/avr5\libgcc.a(_pack_sf.o)
 .debug_line    0x0000100d      0x14b g:/work/embedded systems/iti/01- imt sdk/imt_sdk_win_64/winavr/bin/../lib/gcc/avr/4.3.3/avr5\libgcc.a(_unpack_sf.o)
 .debug_line    0x00001158      0x137 g:/work/embedded systems/iti/01- imt sdk/imt_sdk_win_64/winavr/bin/../lib/gcc/avr/4.3.3/avr5\libgcc.a(_fpcmp_parts_sf.o)
 .debug_line    0x0000128f       0x7c g:/work/embedded systems/iti/01- imt sdk/imt_sdk_win_64/winavr/bin/../lib/gcc/avr/4.3.3/avr5\libgcc.a(_clz.o)

.debug_frame    0x00000000      0x1e0
 *(.debug_frame)
 .debug_frame   0x00000000       0x20 g:/work/embedded systems/iti/01- imt sdk/imt_sdk_win_64/winavr/bin/../lib/gcc/avr/4.3.3/avr5\libgcc.a(_fixunssfsi.o)
 .debug_frame   0x00000020       0x40 g:/work/embedded systems/iti/01- imt sdk/imt_sdk_win_64/winavr/bin/../lib/gcc/avr/4.3.3/avr5\libgcc.a(_addsub_sf.o)
 .debug_frame   0x00000060       0x20 g:/work/embedded systems/iti/01- imt sdk/imt_sdk_win_64/winavr/bin/../lib/gcc/avr/4.3.3/avr5\libgcc.a(_mul_sf.o)
 .debug_frame   0x00000080       0x20 g:/work/embedded systems/iti/01- imt sdk/imt_sdk_win_64/winavr/bin/../lib/gcc/avr/4.3.3/avr5\libgcc.a(_div_sf.o)
 .debug_frame   0x000000a0       0x20 g:/work/embedded systems/iti/01- imt sdk/imt_sdk_win_64/winavr/bin/../lib/gcc/avr/4.3.3/avr5\libgcc.a(_gt_sf.o)
 .debug_frame   0x000000c0       0x20 g:/work/embedded systems/iti/01- imt sdk/imt_sdk_win_64/winavr/bin/../lib/gcc/avr/4.3.3/avr5\libgcc.a(_ge_sf.o)
 .debug_frame   0x000000e0       0x20 g:/work/embedded systems/iti/01- imt sdk/imt_sdk_win_64/winavr/bin/../lib/gcc/avr/4.3.3/avr5\libgcc.a(_lt_sf.o)
 .debug_frame   0x00000100       0x20 g:/work/embedded systems/iti/01- imt sdk/imt_sdk_win_64/winavr/bin/../lib/gcc/avr/4.3.3/avr5\libgcc.a(_si_to_sf.o)
 .debug_frame   0x00000120       0x20 g:/work/embedded systems/iti/01- imt sdk/imt_sdk_win_64/winavr/bin/../lib/gcc/avr/4.3.3/avr5\libgcc.a(_sf_to_si.o)
 .debug_frame   0x00000140       0x20 g:/work/embedded systems/iti/01- imt sdk/imt_sdk_win_64/winavr/bin/../lib/gcc/avr/4.3.3/avr5\libgcc.a(_usi_to_sf.o)
 .debug_frame   0x00000160       0x20 g:/work/embedded systems/iti/01- imt sdk/imt_sdk_win_64/winavr/bin/../lib/gcc/avr/4.3.3/avr5\libgcc.a(_clzsi2.o)
 .debug_frame   0x00000180       0x20 g:/work/embedded systems/iti/01- imt sdk/imt_sdk_win_64/winavr/bin/../lib/gcc/avr/4.3.3/avr5\libgcc.a(_pack_sf.o)
 .debug_frame   0x000001a0       0x20 g:/work/embedded systems/iti/01- imt sdk/imt_sdk_win_64/winavr/bin/../lib/gcc/avr/4.3.3/avr5\libgcc.a(_unpack_sf.o)
 .debug_frame   0x000001c0       0x20 g:/work/embedded systems/iti/01- imt sdk/imt_sdk_win_64/winavr/bin/../lib/gcc/avr/4.3.3/avr5\libgcc.a(_fpcmp_parts_sf.o)

.debug_str      0x00000000      0x307
 *(.debug_str)
 .debug_str     0x00000000       0xbf g:/work/embedded systems/iti/01- imt sdk/imt_sdk_win_64/winavr/bin/../lib/gcc/avr/4.3.3/avr5\libgcc.a(_fixunssfsi.o)
                                 0xfe (size before relaxing)
 .debug_str     0x000000bf      0x14d g:/work/embedded systems/iti/01- imt sdk/imt_sdk_win_64/winavr/bin/../lib/gcc/avr/4.3.3/avr5\libgcc.a(_addsub_sf.o)
                                0x206 (size before relaxing)
 .debug_str     0x0000020c       0x27 g:/work/embedded systems/iti/01- imt sdk/imt_sdk_win_64/winavr/bin/../lib/gcc/avr/4.3.3/avr5\libgcc.a(_mul_sf.o)
                                0x1bf (size before relaxing)
 .debug_str     0x00000233       0x35 g:/work/embedded systems/iti/01- imt sdk/imt_sdk_win_64/winavr/bin/../lib/gcc/avr/4.3.3/avr5\libgcc.a(_div_sf.o)
                                0x1c8 (size before relaxing)
 .debug_str     0x00000268        0x8 g:/work/embedded systems/iti/01- imt sdk/imt_sdk_win_64/winavr/bin/../lib/gcc/avr/4.3.3/avr5\libgcc.a(_gt_sf.o)
                                0x195 (size before relaxing)
 .debug_str     0x00000270        0x8 g:/work/embedded systems/iti/01- imt sdk/imt_sdk_win_64/winavr/bin/../lib/gcc/avr/4.3.3/avr5\libgcc.a(_ge_sf.o)
                                0x195 (size before relaxing)
 .debug_str     0x00000278        0x8 g:/work/embedded systems/iti/01- imt sdk/imt_sdk_win_64/winavr/bin/../lib/gcc/avr/4.3.3/avr5\libgcc.a(_lt_sf.o)
                                0x195 (size before relaxing)
 .debug_str     0x00000280       0x1e g:/work/embedded systems/iti/01- imt sdk/imt_sdk_win_64/winavr/bin/../lib/gcc/avr/4.3.3/avr5\libgcc.a(_si_to_sf.o)
                                0x17b (size before relaxing)
 .debug_str     0x0000029e        0xa g:/work/embedded systems/iti/01- imt sdk/imt_sdk_win_64/winavr/bin/../lib/gcc/avr/4.3.3/avr5\libgcc.a(_sf_to_si.o)
                                0x19e (size before relaxing)
 .debug_str     0x00000000      0x103 g:/work/embedded systems/iti/01- imt sdk/imt_sdk_win_64/winavr/bin/../lib/gcc/avr/4.3.3/avr5\libgcc.a(_thenan_sf.o)
 .debug_str     0x000002a8       0x14 g:/work/embedded systems/iti/01- imt sdk/imt_sdk_win_64/winavr/bin/../lib/gcc/avr/4.3.3/avr5\libgcc.a(_usi_to_sf.o)
                                0x177 (size before relaxing)
 .debug_str     0x000002bc       0x20 g:/work/embedded systems/iti/01- imt sdk/imt_sdk_win_64/winavr/bin/../lib/gcc/avr/4.3.3/avr5\libgcc.a(_clzsi2.o)
                                0x111 (size before relaxing)
 .debug_str     0x000002dc       0x10 g:/work/embedded systems/iti/01- imt sdk/imt_sdk_win_64/winavr/bin/../lib/gcc/avr/4.3.3/avr5\libgcc.a(_pack_sf.o)
                                0x19d (size before relaxing)
 .debug_str     0x000002ec        0xb g:/work/embedded systems/iti/01- imt sdk/imt_sdk_win_64/winavr/bin/../lib/gcc/avr/4.3.3/avr5\libgcc.a(_unpack_sf.o)
                                0x17f (size before relaxing)
 .debug_str     0x000002f7       0x10 g:/work/embedded systems/iti/01- imt sdk/imt_sdk_win_64/winavr/bin/../lib/gcc/avr/4.3.3/avr5\libgcc.a(_fpcmp_parts_sf.o)
                                0x163 (size before relaxing)
 .debug_str     0x00000000       0xf4 g:/work/embedded systems/iti/01- imt sdk/imt_sdk_win_64/winavr/bin/../lib/gcc/avr/4.3.3/avr5\libgcc.a(_clz.o)

.debug_loc      0x00000000      0xa1a
 *(.debug_loc)
 .debug_loc     0x00000000       0x34 g:/work/embedded systems/iti/01- imt sdk/imt_sdk_win_64/winavr/bin/../lib/gcc/avr/4.3.3/avr5\libgcc.a(_fixunssfsi.o)
 .debug_loc     0x00000034      0x32a g:/work/embedded systems/iti/01- imt sdk/imt_sdk_win_64/winavr/bin/../lib/gcc/avr/4.3.3/avr5\libgcc.a(_addsub_sf.o)
 .debug_loc     0x0000035e      0x104 g:/work/embedded systems/iti/01- imt sdk/imt_sdk_win_64/winavr/bin/../lib/gcc/avr/4.3.3/avr5\libgcc.a(_mul_sf.o)
 .debug_loc     0x00000462       0xc0 g:/work/embedded systems/iti/01- imt sdk/imt_sdk_win_64/winavr/bin/../lib/gcc/avr/4.3.3/avr5\libgcc.a(_div_sf.o)
 .debug_loc     0x00000522       0x3c g:/work/embedded systems/iti/01- imt sdk/imt_sdk_win_64/winavr/bin/../lib/gcc/avr/4.3.3/avr5\libgcc.a(_gt_sf.o)
 .debug_loc     0x0000055e       0x3c g:/work/embedded systems/iti/01- imt sdk/imt_sdk_win_64/winavr/bin/../lib/gcc/avr/4.3.3/avr5\libgcc.a(_ge_sf.o)
 .debug_loc     0x0000059a       0x3c g:/work/embedded systems/iti/01- imt sdk/imt_sdk_win_64/winavr/bin/../lib/gcc/avr/4.3.3/avr5\libgcc.a(_lt_sf.o)
 .debug_loc     0x000005d6       0xac g:/work/embedded systems/iti/01- imt sdk/imt_sdk_win_64/winavr/bin/../lib/gcc/avr/4.3.3/avr5\libgcc.a(_si_to_sf.o)
 .debug_loc     0x00000682       0x7e g:/work/embedded systems/iti/01- imt sdk/imt_sdk_win_64/winavr/bin/../lib/gcc/avr/4.3.3/avr5\libgcc.a(_sf_to_si.o)
 .debug_loc     0x00000700       0x4c g:/work/embedded systems/iti/01- imt sdk/imt_sdk_win_64/winavr/bin/../lib/gcc/avr/4.3.3/avr5\libgcc.a(_usi_to_sf.o)
 .debug_loc     0x0000074c       0x94 g:/work/embedded systems/iti/01- imt sdk/imt_sdk_win_64/winavr/bin/../lib/gcc/avr/4.3.3/avr5\libgcc.a(_clzsi2.o)
 .debug_loc     0x000007e0      0x13e g:/work/embedded systems/iti/01- imt sdk/imt_sdk_win_64/winavr/bin/../lib/gcc/avr/4.3.3/avr5\libgcc.a(_pack_sf.o)
 .debug_loc     0x0000091e       0xac g:/work/embedded systems/iti/01- imt sdk/imt_sdk_win_64/winavr/bin/../lib/gcc/avr/4.3.3/avr5\libgcc.a(_unpack_sf.o)
 .debug_loc     0x000009ca       0x50 g:/work/embedded systems/iti/01- imt sdk/imt_sdk_win_64/winavr/bin/../lib/gcc/avr/4.3.3/avr5\libgcc.a(_fpcmp_parts_sf.o)

.debug_macinfo
 *(.debug_macinfo)
OUTPUT(LIGHT_TEMP.elf elf32-avr)
LOAD linker stubs

.debug_ranges   0x00000000       0x50
 .debug_ranges  0x00000000       0x50 g:/work/embedded systems/iti/01- imt sdk/imt_sdk_win_64/winavr/bin/../lib/gcc/avr/4.3.3/avr5\libgcc.a(_mul_sf.o)
