Archive member included because of file (symbol)

e:/01- embedded systems avr tools-20220809t121814z-001/01- embedded systems avr tools/01- imt sdk/imt_sdk_win_64/imt_sdk_win_64/winavr/bin/../lib/gcc/avr/4.3.3/avr5\libgcc.a(_divmodhi4.o)
                              ./LCD.o (__divmodhi4)
e:/01- embedded systems avr tools-20220809t121814z-001/01- embedded systems avr tools/01- imt sdk/imt_sdk_win_64/imt_sdk_win_64/winavr/bin/../lib/gcc/avr/4.3.3/avr5\libgcc.a(_exit.o)
                              e:/01- embedded systems avr tools-20220809t121814z-001/01- embedded systems avr tools/01- imt sdk/imt_sdk_win_64/imt_sdk_win_64/winavr/bin/../lib/gcc/avr/4.3.3/../../../../avr/lib/avr5/crtm32.o (exit)
e:/01- embedded systems avr tools-20220809t121814z-001/01- embedded systems avr tools/01- imt sdk/imt_sdk_win_64/imt_sdk_win_64/winavr/bin/../lib/gcc/avr/4.3.3/avr5\libgcc.a(_copy_data.o)
                              ./KEYPAD_cfg.o (__do_copy_data)
e:/01- embedded systems avr tools-20220809t121814z-001/01- embedded systems avr tools/01- imt sdk/imt_sdk_win_64/imt_sdk_win_64/winavr/bin/../lib/gcc/avr/4.3.3/avr5\libgcc.a(_clear_bss.o)
                              ./EXTINT0.o (__do_clear_bss)
e:/01- embedded systems avr tools-20220809t121814z-001/01- embedded systems avr tools/01- imt sdk/imt_sdk_win_64/imt_sdk_win_64/winavr/bin/../lib/gcc/avr/4.3.3/avr5\libgcc.a(_fixunssfsi.o)
                              ./KEYPAD.o (__fixunssfsi)
e:/01- embedded systems avr tools-20220809t121814z-001/01- embedded systems avr tools/01- imt sdk/imt_sdk_win_64/imt_sdk_win_64/winavr/bin/../lib/gcc/avr/4.3.3/avr5\libgcc.a(_addsub_sf.o)
                              ./LCD.o (__subsf3)
e:/01- embedded systems avr tools-20220809t121814z-001/01- embedded systems avr tools/01- imt sdk/imt_sdk_win_64/imt_sdk_win_64/winavr/bin/../lib/gcc/avr/4.3.3/avr5\libgcc.a(_mul_sf.o)
                              ./KEYPAD.o (__mulsf3)
e:/01- embedded systems avr tools-20220809t121814z-001/01- embedded systems avr tools/01- imt sdk/imt_sdk_win_64/imt_sdk_win_64/winavr/bin/../lib/gcc/avr/4.3.3/avr5\libgcc.a(_div_sf.o)
                              ./LCD.o (__divsf3)
e:/01- embedded systems avr tools-20220809t121814z-001/01- embedded systems avr tools/01- imt sdk/imt_sdk_win_64/imt_sdk_win_64/winavr/bin/../lib/gcc/avr/4.3.3/avr5\libgcc.a(_gt_sf.o)
                              ./KEYPAD.o (__gtsf2)
e:/01- embedded systems avr tools-20220809t121814z-001/01- embedded systems avr tools/01- imt sdk/imt_sdk_win_64/imt_sdk_win_64/winavr/bin/../lib/gcc/avr/4.3.3/avr5\libgcc.a(_ge_sf.o)
                              e:/01- embedded systems avr tools-20220809t121814z-001/01- embedded systems avr tools/01- imt sdk/imt_sdk_win_64/imt_sdk_win_64/winavr/bin/../lib/gcc/avr/4.3.3/avr5\libgcc.a(_fixunssfsi.o) (__gesf2)
e:/01- embedded systems avr tools-20220809t121814z-001/01- embedded systems avr tools/01- imt sdk/imt_sdk_win_64/imt_sdk_win_64/winavr/bin/../lib/gcc/avr/4.3.3/avr5\libgcc.a(_lt_sf.o)
                              ./KEYPAD.o (__ltsf2)
e:/01- embedded systems avr tools-20220809t121814z-001/01- embedded systems avr tools/01- imt sdk/imt_sdk_win_64/imt_sdk_win_64/winavr/bin/../lib/gcc/avr/4.3.3/avr5\libgcc.a(_si_to_sf.o)
                              ./LCD.o (__floatsisf)
e:/01- embedded systems avr tools-20220809t121814z-001/01- embedded systems avr tools/01- imt sdk/imt_sdk_win_64/imt_sdk_win_64/winavr/bin/../lib/gcc/avr/4.3.3/avr5\libgcc.a(_sf_to_si.o)
                              ./LCD.o (__fixsfsi)
e:/01- embedded systems avr tools-20220809t121814z-001/01- embedded systems avr tools/01- imt sdk/imt_sdk_win_64/imt_sdk_win_64/winavr/bin/../lib/gcc/avr/4.3.3/avr5\libgcc.a(_thenan_sf.o)
                              e:/01- embedded systems avr tools-20220809t121814z-001/01- embedded systems avr tools/01- imt sdk/imt_sdk_win_64/imt_sdk_win_64/winavr/bin/../lib/gcc/avr/4.3.3/avr5\libgcc.a(_addsub_sf.o) (__thenan_sf)
e:/01- embedded systems avr tools-20220809t121814z-001/01- embedded systems avr tools/01- imt sdk/imt_sdk_win_64/imt_sdk_win_64/winavr/bin/../lib/gcc/avr/4.3.3/avr5\libgcc.a(_usi_to_sf.o)
                              ./TIM1.o (__floatunsisf)
e:/01- embedded systems avr tools-20220809t121814z-001/01- embedded systems avr tools/01- imt sdk/imt_sdk_win_64/imt_sdk_win_64/winavr/bin/../lib/gcc/avr/4.3.3/avr5\libgcc.a(_udivmodhi4.o)
                              e:/01- embedded systems avr tools-20220809t121814z-001/01- embedded systems avr tools/01- imt sdk/imt_sdk_win_64/imt_sdk_win_64/winavr/bin/../lib/gcc/avr/4.3.3/avr5\libgcc.a(_divmodhi4.o) (__udivmodhi4)
e:/01- embedded systems avr tools-20220809t121814z-001/01- embedded systems avr tools/01- imt sdk/imt_sdk_win_64/imt_sdk_win_64/winavr/bin/../lib/gcc/avr/4.3.3/avr5\libgcc.a(_prologue.o)
                              e:/01- embedded systems avr tools-20220809t121814z-001/01- embedded systems avr tools/01- imt sdk/imt_sdk_win_64/imt_sdk_win_64/winavr/bin/../lib/gcc/avr/4.3.3/avr5\libgcc.a(_addsub_sf.o) (__prologue_saves__)
e:/01- embedded systems avr tools-20220809t121814z-001/01- embedded systems avr tools/01- imt sdk/imt_sdk_win_64/imt_sdk_win_64/winavr/bin/../lib/gcc/avr/4.3.3/avr5\libgcc.a(_epilogue.o)
                              e:/01- embedded systems avr tools-20220809t121814z-001/01- embedded systems avr tools/01- imt sdk/imt_sdk_win_64/imt_sdk_win_64/winavr/bin/../lib/gcc/avr/4.3.3/avr5\libgcc.a(_addsub_sf.o) (__epilogue_restores__)
e:/01- embedded systems avr tools-20220809t121814z-001/01- embedded systems avr tools/01- imt sdk/imt_sdk_win_64/imt_sdk_win_64/winavr/bin/../lib/gcc/avr/4.3.3/avr5\libgcc.a(_clzsi2.o)
                              e:/01- embedded systems avr tools-20220809t121814z-001/01- embedded systems avr tools/01- imt sdk/imt_sdk_win_64/imt_sdk_win_64/winavr/bin/../lib/gcc/avr/4.3.3/avr5\libgcc.a(_si_to_sf.o) (__clzsi2)
e:/01- embedded systems avr tools-20220809t121814z-001/01- embedded systems avr tools/01- imt sdk/imt_sdk_win_64/imt_sdk_win_64/winavr/bin/../lib/gcc/avr/4.3.3/avr5\libgcc.a(_pack_sf.o)
                              e:/01- embedded systems avr tools-20220809t121814z-001/01- embedded systems avr tools/01- imt sdk/imt_sdk_win_64/imt_sdk_win_64/winavr/bin/../lib/gcc/avr/4.3.3/avr5\libgcc.a(_addsub_sf.o) (__pack_f)
e:/01- embedded systems avr tools-20220809t121814z-001/01- embedded systems avr tools/01- imt sdk/imt_sdk_win_64/imt_sdk_win_64/winavr/bin/../lib/gcc/avr/4.3.3/avr5\libgcc.a(_unpack_sf.o)
                              e:/01- embedded systems avr tools-20220809t121814z-001/01- embedded systems avr tools/01- imt sdk/imt_sdk_win_64/imt_sdk_win_64/winavr/bin/../lib/gcc/avr/4.3.3/avr5\libgcc.a(_addsub_sf.o) (__unpack_f)
e:/01- embedded systems avr tools-20220809t121814z-001/01- embedded systems avr tools/01- imt sdk/imt_sdk_win_64/imt_sdk_win_64/winavr/bin/../lib/gcc/avr/4.3.3/avr5\libgcc.a(_fpcmp_parts_sf.o)
                              e:/01- embedded systems avr tools-20220809t121814z-001/01- embedded systems avr tools/01- imt sdk/imt_sdk_win_64/imt_sdk_win_64/winavr/bin/../lib/gcc/avr/4.3.3/avr5\libgcc.a(_gt_sf.o) (__fpcmp_parts_f)
e:/01- embedded systems avr tools-20220809t121814z-001/01- embedded systems avr tools/01- imt sdk/imt_sdk_win_64/imt_sdk_win_64/winavr/bin/../lib/gcc/avr/4.3.3/avr5\libgcc.a(_clz.o)
                              e:/01- embedded systems avr tools-20220809t121814z-001/01- embedded systems avr tools/01- imt sdk/imt_sdk_win_64/imt_sdk_win_64/winavr/bin/../lib/gcc/avr/4.3.3/avr5\libgcc.a(_clzsi2.o) (__clz_tab)

Allocating common symbols
Common symbol       size              file

EXTINT2_pfCallback  0x2               ./EXTINT2.o
TIM1_pfICUCallBack  0x2               ./TIM1.o
u32_time_on_ms      0x4               ./PWM.o
counter             0x4               ./TIM0.o
TIM1_pfOvfCallback  0x2               ./TIM1.o
delay               0x4               ./TIM0.o
EXTINT1_pfCallback  0x2               ./EXTINT1.o
TimerCounter        0x4               ./TIM0.o
factor              0x1               ./TIM0.o
TIM1_pfCtcACallback
                    0x2               ./TIM1.o
u8_used             0x1               ./TIM0.o
TIM1_pfCtcBCallback
                    0x2               ./TIM1.o
u32_time_off_ms     0x4               ./PWM.o
password_rom        0x4               ./LOCK.o
EXTINT0_pfCallback  0x2               ./EXTINT0.o

Memory Configuration

Name             Origin             Length             Attributes
text             0x00000000         0x00020000         xr
data             0x00800060         0x0000ffa0         rw !x
eeprom           0x00810000         0x00010000         rw !x
fuse             0x00820000         0x00000400         rw !x
lock             0x00830000         0x00000400         rw !x
signature        0x00840000         0x00000400         rw !x
*default*        0x00000000         0xffffffff

Linker script and memory map

LOAD e:/01- embedded systems avr tools-20220809t121814z-001/01- embedded systems avr tools/01- imt sdk/imt_sdk_win_64/imt_sdk_win_64/winavr/bin/../lib/gcc/avr/4.3.3/../../../../avr/lib/avr5/crtm32.o
LOAD ./DIO.o
LOAD ./EEPROM.o
LOAD ./EXTINT0.o
LOAD ./EXTINT1.o
LOAD ./EXTINT2.o
LOAD ./GIE.o
LOAD ./KEYPAD.o
LOAD ./KEYPAD_cfg.o
LOAD ./LCD.o
LOAD ./LCD_cfg.o
LOAD ./LOCK.o
LOAD ./LOCK_confg.o
LOAD ./Master_TWI.o
LOAD ./PWM.o
LOAD ./TIM0.o
LOAD ./TIM1.o
LOAD ./TIM1_cfg.o
LOAD ./TIM2.o
LOAD ./main.o
LOAD ./pwm_cfg.o
LOAD ./servo.o
LOAD ./servo_cfg.o
LOAD ./uart.o
LOAD ./uart_cfg.o
LOAD e:/01- embedded systems avr tools-20220809t121814z-001/01- embedded systems avr tools/01- imt sdk/imt_sdk_win_64/imt_sdk_win_64/winavr/bin/../lib/gcc/avr/4.3.3/avr5\libgcc.a
LOAD e:/01- embedded systems avr tools-20220809t121814z-001/01- embedded systems avr tools/01- imt sdk/imt_sdk_win_64/imt_sdk_win_64/winavr/bin/../lib/gcc/avr/4.3.3/../../../../avr/lib/avr5\libc.a
LOAD e:/01- embedded systems avr tools-20220809t121814z-001/01- embedded systems avr tools/01- imt sdk/imt_sdk_win_64/imt_sdk_win_64/winavr/bin/../lib/gcc/avr/4.3.3/avr5\libgcc.a

.hash
 *(.hash)

.dynsym
 *(.dynsym)

.dynstr
 *(.dynstr)

.gnu.version
 *(.gnu.version)

.gnu.version_d
 *(.gnu.version_d)

.gnu.version_r
 *(.gnu.version_r)

.rel.init
 *(.rel.init)

.rela.init
 *(.rela.init)

.rel.text
 *(.rel.text)
 *(.rel.text.*)
 *(.rel.gnu.linkonce.t*)

.rela.text
 *(.rela.text)
 *(.rela.text.*)
 *(.rela.gnu.linkonce.t*)

.rel.fini
 *(.rel.fini)

.rela.fini
 *(.rela.fini)

.rel.rodata
 *(.rel.rodata)
 *(.rel.rodata.*)
 *(.rel.gnu.linkonce.r*)

.rela.rodata
 *(.rela.rodata)
 *(.rela.rodata.*)
 *(.rela.gnu.linkonce.r*)

.rel.data
 *(.rel.data)
 *(.rel.data.*)
 *(.rel.gnu.linkonce.d*)

.rela.data
 *(.rela.data)
 *(.rela.data.*)
 *(.rela.gnu.linkonce.d*)

.rel.ctors
 *(.rel.ctors)

.rela.ctors
 *(.rela.ctors)

.rel.dtors
 *(.rel.dtors)

.rela.dtors
 *(.rela.dtors)

.rel.got
 *(.rel.got)

.rela.got
 *(.rela.got)

.rel.bss
 *(.rel.bss)

.rela.bss
 *(.rela.bss)

.rel.plt
 *(.rel.plt)

.rela.plt
 *(.rela.plt)

.text           0x00000000     0x5e70
 *(.vectors)
 .vectors       0x00000000       0x54 e:/01- embedded systems avr tools-20220809t121814z-001/01- embedded systems avr tools/01- imt sdk/imt_sdk_win_64/imt_sdk_win_64/winavr/bin/../lib/gcc/avr/4.3.3/../../../../avr/lib/avr5/crtm32.o
                0x00000000                __vectors
                0x00000000                __vector_default
 *(.vectors)
 *(.progmem.gcc*)
 *(.progmem*)
                0x00000054                . = ALIGN (0x2)
                0x00000054                __trampolines_start = .
 *(.trampolines)
 .trampolines   0x00000054        0x0 linker stubs
 *(.trampolines*)
                0x00000054                __trampolines_end = .
 *(.jumptables)
 *(.jumptables*)
 *(.lowtext)
 *(.lowtext*)
                0x00000054                __ctors_start = .
 *(.ctors)
                0x00000054                __ctors_end = .
                0x00000054                __dtors_start = .
 *(.dtors)
                0x00000054                __dtors_end = .
 SORT(*)(.ctors)
 SORT(*)(.dtors)
 *(.init0)
 .init0         0x00000054        0x0 e:/01- embedded systems avr tools-20220809t121814z-001/01- embedded systems avr tools/01- imt sdk/imt_sdk_win_64/imt_sdk_win_64/winavr/bin/../lib/gcc/avr/4.3.3/../../../../avr/lib/avr5/crtm32.o
                0x00000054                __init
 *(.init0)
 *(.init1)
 *(.init1)
 *(.init2)
 .init2         0x00000054        0xc e:/01- embedded systems avr tools-20220809t121814z-001/01- embedded systems avr tools/01- imt sdk/imt_sdk_win_64/imt_sdk_win_64/winavr/bin/../lib/gcc/avr/4.3.3/../../../../avr/lib/avr5/crtm32.o
 *(.init2)
 *(.init3)
 *(.init3)
 *(.init4)
 .init4         0x00000060       0x16 e:/01- embedded systems avr tools-20220809t121814z-001/01- embedded systems avr tools/01- imt sdk/imt_sdk_win_64/imt_sdk_win_64/winavr/bin/../lib/gcc/avr/4.3.3/avr5\libgcc.a(_copy_data.o)
                0x00000060                __do_copy_data
 .init4         0x00000076       0x10 e:/01- embedded systems avr tools-20220809t121814z-001/01- embedded systems avr tools/01- imt sdk/imt_sdk_win_64/imt_sdk_win_64/winavr/bin/../lib/gcc/avr/4.3.3/avr5\libgcc.a(_clear_bss.o)
                0x00000076                __do_clear_bss
 *(.init4)
 *(.init5)
 *(.init5)
 *(.init6)
 *(.init6)
 *(.init7)
 *(.init7)
 *(.init8)
 *(.init8)
 *(.init9)
 .init9         0x00000086        0x8 e:/01- embedded systems avr tools-20220809t121814z-001/01- embedded systems avr tools/01- imt sdk/imt_sdk_win_64/imt_sdk_win_64/winavr/bin/../lib/gcc/avr/4.3.3/../../../../avr/lib/avr5/crtm32.o
 *(.init9)
 *(.text)
 .text          0x0000008e        0x4 e:/01- embedded systems avr tools-20220809t121814z-001/01- embedded systems avr tools/01- imt sdk/imt_sdk_win_64/imt_sdk_win_64/winavr/bin/../lib/gcc/avr/4.3.3/../../../../avr/lib/avr5/crtm32.o
                0x0000008e                __vector_12
                0x0000008e                __bad_interrupt
                0x0000008e                __vector_13
                0x0000008e                __vector_17
                0x0000008e                __vector_19
                0x0000008e                __vector_15
                0x0000008e                __vector_14
                0x0000008e                __vector_16
                0x0000008e                __vector_18
                0x0000008e                __vector_20
 .text          0x00000092        0x0 ./DIO.o
 .text          0x00000092        0x0 ./EEPROM.o
 .text          0x00000092        0x0 ./EXTINT0.o
 .text          0x00000092        0x0 ./EXTINT1.o
 .text          0x00000092        0x0 ./EXTINT2.o
 .text          0x00000092        0x0 ./GIE.o
 .text          0x00000092        0x0 ./KEYPAD.o
 .text          0x00000092        0x0 ./KEYPAD_cfg.o
 .text          0x00000092        0x0 ./LCD.o
 .text          0x00000092        0x0 ./LCD_cfg.o
 .text          0x00000092        0x0 ./LOCK.o
 .text          0x00000092        0x0 ./LOCK_confg.o
 .text          0x00000092        0x0 ./Master_TWI.o
 .text          0x00000092        0x0 ./PWM.o
 .text          0x00000092        0x0 ./TIM0.o
 .text          0x00000092        0x0 ./TIM1.o
 .text          0x00000092        0x0 ./TIM1_cfg.o
 .text          0x00000092        0x0 ./TIM2.o
 .text          0x00000092        0x0 ./main.o
 .text          0x00000092        0x0 ./pwm_cfg.o
 .text          0x00000092        0x0 ./servo.o
 .text          0x00000092        0x0 ./servo_cfg.o
 .text          0x00000092        0x0 ./uart.o
 .text          0x00000092        0x0 ./uart_cfg.o
 .text          0x00000092        0x0 e:/01- embedded systems avr tools-20220809t121814z-001/01- embedded systems avr tools/01- imt sdk/imt_sdk_win_64/imt_sdk_win_64/winavr/bin/../lib/gcc/avr/4.3.3/avr5\libgcc.a(_divmodhi4.o)
 .text          0x00000092        0x0 e:/01- embedded systems avr tools-20220809t121814z-001/01- embedded systems avr tools/01- imt sdk/imt_sdk_win_64/imt_sdk_win_64/winavr/bin/../lib/gcc/avr/4.3.3/avr5\libgcc.a(_exit.o)
 .text          0x00000092        0x0 e:/01- embedded systems avr tools-20220809t121814z-001/01- embedded systems avr tools/01- imt sdk/imt_sdk_win_64/imt_sdk_win_64/winavr/bin/../lib/gcc/avr/4.3.3/avr5\libgcc.a(_copy_data.o)
 .text          0x00000092        0x0 e:/01- embedded systems avr tools-20220809t121814z-001/01- embedded systems avr tools/01- imt sdk/imt_sdk_win_64/imt_sdk_win_64/winavr/bin/../lib/gcc/avr/4.3.3/avr5\libgcc.a(_clear_bss.o)
 .text          0x00000092       0x58 e:/01- embedded systems avr tools-20220809t121814z-001/01- embedded systems avr tools/01- imt sdk/imt_sdk_win_64/imt_sdk_win_64/winavr/bin/../lib/gcc/avr/4.3.3/avr5\libgcc.a(_fixunssfsi.o)
                0x00000092                __fixunssfsi
 .text          0x000000ea      0x354 e:/01- embedded systems avr tools-20220809t121814z-001/01- embedded systems avr tools/01- imt sdk/imt_sdk_win_64/imt_sdk_win_64/winavr/bin/../lib/gcc/avr/4.3.3/avr5\libgcc.a(_addsub_sf.o)
                0x00000382                __subsf3
                0x000003e4                __addsf3
 .text          0x0000043e      0x1f4 e:/01- embedded systems avr tools-20220809t121814z-001/01- embedded systems avr tools/01- imt sdk/imt_sdk_win_64/imt_sdk_win_64/winavr/bin/../lib/gcc/avr/4.3.3/avr5\libgcc.a(_mul_sf.o)
                0x0000043e                __mulsf3
 .text          0x00000632      0x158 e:/01- embedded systems avr tools-20220809t121814z-001/01- embedded systems avr tools/01- imt sdk/imt_sdk_win_64/imt_sdk_win_64/winavr/bin/../lib/gcc/avr/4.3.3/avr5\libgcc.a(_div_sf.o)
                0x00000632                __divsf3
 .text          0x0000078a       0x60 e:/01- embedded systems avr tools-20220809t121814z-001/01- embedded systems avr tools/01- imt sdk/imt_sdk_win_64/imt_sdk_win_64/winavr/bin/../lib/gcc/avr/4.3.3/avr5\libgcc.a(_gt_sf.o)
                0x0000078a                __gtsf2
 .text          0x000007ea       0x60 e:/01- embedded systems avr tools-20220809t121814z-001/01- embedded systems avr tools/01- imt sdk/imt_sdk_win_64/imt_sdk_win_64/winavr/bin/../lib/gcc/avr/4.3.3/avr5\libgcc.a(_ge_sf.o)
                0x000007ea                __gesf2
 .text          0x0000084a       0x60 e:/01- embedded systems avr tools-20220809t121814z-001/01- embedded systems avr tools/01- imt sdk/imt_sdk_win_64/imt_sdk_win_64/winavr/bin/../lib/gcc/avr/4.3.3/avr5\libgcc.a(_lt_sf.o)
                0x0000084a                __ltsf2
 .text          0x000008aa       0xbc e:/01- embedded systems avr tools-20220809t121814z-001/01- embedded systems avr tools/01- imt sdk/imt_sdk_win_64/imt_sdk_win_64/winavr/bin/../lib/gcc/avr/4.3.3/avr5\libgcc.a(_si_to_sf.o)
                0x000008aa                __floatsisf
 .text          0x00000966       0xa8 e:/01- embedded systems avr tools-20220809t121814z-001/01- embedded systems avr tools/01- imt sdk/imt_sdk_win_64/imt_sdk_win_64/winavr/bin/../lib/gcc/avr/4.3.3/avr5\libgcc.a(_sf_to_si.o)
                0x00000966                __fixsfsi
 .text          0x00000a0e        0x0 e:/01- embedded systems avr tools-20220809t121814z-001/01- embedded systems avr tools/01- imt sdk/imt_sdk_win_64/imt_sdk_win_64/winavr/bin/../lib/gcc/avr/4.3.3/avr5\libgcc.a(_thenan_sf.o)
 .text          0x00000a0e       0xf2 e:/01- embedded systems avr tools-20220809t121814z-001/01- embedded systems avr tools/01- imt sdk/imt_sdk_win_64/imt_sdk_win_64/winavr/bin/../lib/gcc/avr/4.3.3/avr5\libgcc.a(_usi_to_sf.o)
                0x00000a0e                __floatunsisf
 .text          0x00000b00        0x0 e:/01- embedded systems avr tools-20220809t121814z-001/01- embedded systems avr tools/01- imt sdk/imt_sdk_win_64/imt_sdk_win_64/winavr/bin/../lib/gcc/avr/4.3.3/avr5\libgcc.a(_udivmodhi4.o)
 .text          0x00000b00        0x0 e:/01- embedded systems avr tools-20220809t121814z-001/01- embedded systems avr tools/01- imt sdk/imt_sdk_win_64/imt_sdk_win_64/winavr/bin/../lib/gcc/avr/4.3.3/avr5\libgcc.a(_prologue.o)
 .text          0x00000b00        0x0 e:/01- embedded systems avr tools-20220809t121814z-001/01- embedded systems avr tools/01- imt sdk/imt_sdk_win_64/imt_sdk_win_64/winavr/bin/../lib/gcc/avr/4.3.3/avr5\libgcc.a(_epilogue.o)
 .text          0x00000b00       0x9e e:/01- embedded systems avr tools-20220809t121814z-001/01- embedded systems avr tools/01- imt sdk/imt_sdk_win_64/imt_sdk_win_64/winavr/bin/../lib/gcc/avr/4.3.3/avr5\libgcc.a(_clzsi2.o)
                0x00000b00                __clzsi2
 .text          0x00000b9e      0x1aa e:/01- embedded systems avr tools-20220809t121814z-001/01- embedded systems avr tools/01- imt sdk/imt_sdk_win_64/imt_sdk_win_64/winavr/bin/../lib/gcc/avr/4.3.3/avr5\libgcc.a(_pack_sf.o)
                0x00000b9e                __pack_f
 .text          0x00000d48       0xf0 e:/01- embedded systems avr tools-20220809t121814z-001/01- embedded systems avr tools/01- imt sdk/imt_sdk_win_64/imt_sdk_win_64/winavr/bin/../lib/gcc/avr/4.3.3/avr5\libgcc.a(_unpack_sf.o)
                0x00000d48                __unpack_f
 .text          0x00000e38       0xb2 e:/01- embedded systems avr tools-20220809t121814z-001/01- embedded systems avr tools/01- imt sdk/imt_sdk_win_64/imt_sdk_win_64/winavr/bin/../lib/gcc/avr/4.3.3/avr5\libgcc.a(_fpcmp_parts_sf.o)
                0x00000e38                __fpcmp_parts_f
 .text          0x00000eea        0x0 e:/01- embedded systems avr tools-20220809t121814z-001/01- embedded systems avr tools/01- imt sdk/imt_sdk_win_64/imt_sdk_win_64/winavr/bin/../lib/gcc/avr/4.3.3/avr5\libgcc.a(_clz.o)
                0x00000eea                . = ALIGN (0x2)
 *(.text.*)
 .text.DIO_voidInit
                0x00000eea       0x2e ./DIO.o
                0x00000eea                DIO_voidInit
 .text.DIO_enuWritePin
                0x00000f18      0x216 ./DIO.o
                0x00000f18                DIO_enuWritePin
 .text.DIO_enuReadPin
                0x0000112e      0x10e ./DIO.o
                0x0000112e                DIO_enuReadPin
 .text.DIO_enuPullWrite
                0x0000123c       0x20 ./DIO.o
                0x0000123c                DIO_enuPullWrite
 .text.DIO_enuWriteBus
                0x0000125c       0xbc ./DIO.o
                0x0000125c                DIO_enuWriteBus
 .text.DIO_enuReadBus
                0x00001318       0xbe ./DIO.o
                0x00001318                DIO_enuReadBus
 .text.DIO_enuWritePinDir
                0x000013d6      0x216 ./DIO.o
                0x000013d6                DIO_enuWritePinDir
 .text.DIO_enuTogglePin
                0x000015ec       0x60 ./DIO.o
                0x000015ec                DIO_enuTogglePin
 .text.EEPROM_Write
                0x0000164c       0x38 ./EEPROM.o
                0x0000164c                EEPROM_Write
 .text.EEPROM_Read
                0x00001684       0x44 ./EEPROM.o
                0x00001684                EEPROM_Read
 .text.EXTINT0_voidInit
                0x000016c8       0x46 ./EXTINT0.o
                0x000016c8                EXTINT0_voidInit
 .text.EXTINT0_voidEnable
                0x0000170e       0x1c ./EXTINT0.o
                0x0000170e                EXTINT0_voidEnable
 .text.EXTINT0_voidDisable
                0x0000172a       0x1c ./EXTINT0.o
                0x0000172a                EXTINT0_voidDisable
 .text.EXTINT0_voidSetCallBack
                0x00001746       0x24 ./EXTINT0.o
                0x00001746                EXTINT0_voidSetCallBack
 .text.__vector_1
                0x0000176a       0x5a ./EXTINT0.o
                0x0000176a                __vector_1
 .text.EXTINT0_voidSetSenseValue
                0x000017c4       0x58 ./EXTINT0.o
                0x000017c4                EXTINT0_voidSetSenseValue
 .text.EXTINT1_voidInit
                0x0000181c       0x46 ./EXTINT1.o
                0x0000181c                EXTINT1_voidInit
 .text.EXTINT1_voidEnable
                0x00001862       0x1c ./EXTINT1.o
                0x00001862                EXTINT1_voidEnable
 .text.EXTINT1_voidDisable
                0x0000187e       0x1c ./EXTINT1.o
                0x0000187e                EXTINT1_voidDisable
 .text.EXTINT1_voidSetCallBack
                0x0000189a       0x24 ./EXTINT1.o
                0x0000189a                EXTINT1_voidSetCallBack
 .text.__vector_2
                0x000018be       0x5a ./EXTINT1.o
                0x000018be                __vector_2
 .text.EXTINT1_voidSetSenseValue
                0x00001918       0x58 ./EXTINT1.o
                0x00001918                EXTINT1_voidSetSenseValue
 .text.EXTINT2_voidInit
                0x00001970       0x38 ./EXTINT2.o
                0x00001970                EXTINT2_voidInit
 .text.EXTINT2_voidEnable
                0x000019a8       0x1c ./EXTINT2.o
                0x000019a8                EXTINT2_voidEnable
 .text.EXTINT2_voidDisable
                0x000019c4       0x1c ./EXTINT2.o
                0x000019c4                EXTINT2_voidDisable
 .text.EXTINT2_voidSetCallBack
                0x000019e0       0x24 ./EXTINT2.o
                0x000019e0                EXTINT2_voidSetCallBack
 .text.__vector_3
                0x00001a04       0x5a ./EXTINT2.o
                0x00001a04                __vector_3
 .text.EXTINT2_voidSetSenseValue
                0x00001a5e       0x3c ./EXTINT2.o
                0x00001a5e                EXTINT2_voidSetSenseValue
 .text.GIE_voidEnable
                0x00001a9a       0x1c ./GIE.o
                0x00001a9a                GIE_voidEnable
 .text.GIE_voidDisable
                0x00001ab6       0x1c ./GIE.o
                0x00001ab6                GIE_voidDisable
 .text.KEYPAD_voidInit
                0x00001ad2       0xee ./KEYPAD.o
                0x00001ad2                KEYPAD_voidInit
 .text.KEYPAD_enuGetPressedKey
                0x00001bc0      0x232 ./KEYPAD.o
                0x00001bc0                KEYPAD_enuGetPressedKey
 .text.KEYPAD_voidWriteSequence
                0x00001df2       0xe4 ./KEYPAD.o
 .text.KEYPAD_voidReadSequence
                0x00001ed6      0x1c6 ./KEYPAD.o
 .text.LCD_voidInit
                0x0000209c     0x161c ./LCD.o
                0x0000209c                LCD_voidInit
 .text.LCD_enuWriteCmd
                0x000036b8       0x5c ./LCD.o
                0x000036b8                LCD_enuWriteCmd
 .text.LCD_enuWriteChar
                0x00003714       0x5c ./LCD.o
                0x00003714                LCD_enuWriteChar
 .text.LCD_enuHelp
                0x00003770      0x1b8 ./LCD.o
 .text.LCD_enuWritenumber
                0x00003928      0x2f4 ./LCD.o
                0x00003928                LCD_enuWritenumber
 .text.LCD_enuCreateCustChar
                0x00003c1c       0x86 ./LCD.o
                0x00003c1c                LCD_enuCreateCustChar
 .text.LCD_enuWriteData
                0x00003ca2       0x54 ./LCD.o
                0x00003ca2                LCD_enuWriteData
 .text.Door_void
                0x00003cf6      0x880 ./LOCK.o
                0x00003cf6                Door_void
 .text.get_password
                0x00004576      0x242 ./LOCK.o
                0x00004576                get_password
 .text.password_check
                0x000047b8       0x7a ./LOCK.o
                0x000047b8                password_check
 .text.Start_servo
                0x00004832      0x2fc ./LOCK.o
                0x00004832                Start_servo
 .text.start_void
                0x00004b2e       0x2e ./LOCK.o
                0x00004b2e                start_void
 .text.TWI_repeated_start
                0x00004b5c       0x34 ./Master_TWI.o
                0x00004b5c                TWI_repeated_start
 .text.TWI_init_master
                0x00004b90       0x1c ./Master_TWI.o
                0x00004b90                TWI_init_master
 .text.TWI_start
                0x00004bac       0x34 ./Master_TWI.o
                0x00004bac                TWI_start
 .text.TWI_read_address
                0x00004be0       0x2e ./Master_TWI.o
                0x00004be0                TWI_read_address
 .text.TWI_write_data
                0x00004c0e       0x2e ./Master_TWI.o
                0x00004c0e                TWI_write_data
 .text.TWI_stop
                0x00004c3c       0x16 ./Master_TWI.o
                0x00004c3c                TWI_stop
 .text.TWI_read_data
                0x00004c52       0x26 ./Master_TWI.o
                0x00004c52                TWI_read_data
 .text.TWI_write_address
                0x00004c78       0x2e ./Master_TWI.o
                0x00004c78                TWI_write_address
 .text.Pwm_tenu_Intial
                0x00004ca6       0x5c ./PWM.o
                0x00004ca6                Pwm_tenu_Intial
 .text.Pwm_tenu_Set_freq_duty
                0x00004d02      0x144 ./PWM.o
                0x00004d02                Pwm_tenu_Set_freq_duty
 .text.Pwm_Void_Start
                0x00004e46       0xf4 ./PWM.o
                0x00004e46                Pwm_Void_Start
 .text.Pwm_Void_End
                0x00004f3a       0x3a ./PWM.o
                0x00004f3a                Pwm_Void_End
 .text.TIM0_voidInit
                0x00004f74       0x8a ./TIM0.o
                0x00004f74                TIM0_voidInit
 .text.TIM0_voidSetPreloadValue
                0x00004ffe       0x1c ./TIM0.o
                0x00004ffe                TIM0_voidSetPreloadValue
 .text.TIM0_voidSetOutputCompareValue
                0x0000501a       0x1c ./TIM0.o
                0x0000501a                TIM0_voidSetOutputCompareValue
 .text.TIM0_voidEnableOVFIntterrupt
                0x00005036       0x1c ./TIM0.o
                0x00005036                TIM0_voidEnableOVFIntterrupt
 .text.TIM0_voidDisableOVFIntterrupt
                0x00005052       0x1c ./TIM0.o
                0x00005052                TIM0_voidDisableOVFIntterrupt
 .text.TIM0_voidEnableCTCIntterrupt
                0x0000506e       0x1c ./TIM0.o
                0x0000506e                TIM0_voidEnableCTCIntterrupt
 .text.TIM0_voidDisableCTCIntterrupt
                0x0000508a       0x1c ./TIM0.o
                0x0000508a                TIM0_voidDisableCTCIntterrupt
 .text.TIM0_voidSetOvfCallback
                0x000050a6       0x24 ./TIM0.o
                0x000050a6                TIM0_voidSetOvfCallback
 .text.TIM0_voidSetCtcCallback
                0x000050ca       0x24 ./TIM0.o
                0x000050ca                TIM0_voidSetCtcCallback
 .text.__vector_11
                0x000050ee       0xb8 ./TIM0.o
                0x000050ee                __vector_11
 .text.__vector_10
                0x000051a6       0x5a ./TIM0.o
                0x000051a6                __vector_10
 .text.TIM0_voidDelay_ms
                0x00005200       0x64 ./TIM0.o
                0x00005200                TIM0_voidDelay_ms
 .text.TIM0_voidDelay_Init
                0x00005264       0x52 ./TIM0.o
                0x00005264                TIM0_voidDelay_Init
 .text.TIM0_voidSet_TimerCounter
                0x000052b6       0x1e ./TIM0.o
                0x000052b6                TIM0_voidSet_TimerCounter
 .text.TIM0_u32get_TimerCounter
                0x000052d4       0x22 ./TIM0.o
                0x000052d4                TIM0_u32get_TimerCounter
 .text.TIM0_u16GetCntrValue
                0x000052f6       0x18 ./TIM0.o
                0x000052f6                TIM0_u16GetCntrValue
 .text.TIM0_voidsetCntrValue
                0x0000530e       0x14 ./TIM0.o
                0x0000530e                TIM0_voidsetCntrValue
 .text.TIM0__u8_get_detect_up
                0x00005322       0x12 ./TIM0.o
                0x00005322                TIM0__u8_get_detect_up
 .text.TIM0_void_set_up
                0x00005334       0x14 ./TIM0.o
                0x00005334                TIM0_void_set_up
 .text.TIM0_void_reset_up
                0x00005348       0x12 ./TIM0.o
                0x00005348                TIM0_void_reset_up
 .text.TIM0_Void_dummy
                0x0000535a        0xe ./TIM0.o
                0x0000535a                TIM0_Void_dummy
 .text.TIM1_voidInit
                0x00005368       0xda ./TIM1.o
                0x00005368                TIM1_voidInit
 .text.TIM1_voidSetPreloadValue
                0x00005442       0x24 ./TIM1.o
                0x00005442                TIM1_voidSetPreloadValue
 .text.TIM1_voidSetOutputCompareAValue
                0x00005466       0x24 ./TIM1.o
                0x00005466                TIM1_voidSetOutputCompareAValue
 .text.TIM1_voidSetOutputCompareBValue
                0x0000548a       0x24 ./TIM1.o
                0x0000548a                TIM1_voidSetOutputCompareBValue
 .text.TIM1_voidEnableOVFIntterrupt
                0x000054ae       0x1c ./TIM1.o
                0x000054ae                TIM1_voidEnableOVFIntterrupt
 .text.TIM1_voidDisableOVFIntterrupt
                0x000054ca       0x1c ./TIM1.o
                0x000054ca                TIM1_voidDisableOVFIntterrupt
 .text.TIM1_voidEnableCTCAIntterrupt
                0x000054e6       0x1c ./TIM1.o
                0x000054e6                TIM1_voidEnableCTCAIntterrupt
 .text.TIM1_voidDisableCTCAIntterrupt
                0x00005502       0x1c ./TIM1.o
                0x00005502                TIM1_voidDisableCTCAIntterrupt
 .text.TIM1_voidEnableCTCBIntterrupt
                0x0000551e       0x1c ./TIM1.o
                0x0000551e                TIM1_voidEnableCTCBIntterrupt
 .text.TIM1_voidDisableCTCBIntterrupt
                0x0000553a       0x1c ./TIM1.o
                0x0000553a                TIM1_voidDisableCTCBIntterrupt
 .text.TIM1_voidEnableICUIntterrupt
                0x00005556       0x1c ./TIM1.o
                0x00005556                TIM1_voidEnableICUIntterrupt
 .text.TIM1_voidDisableICUIntterrupt
                0x00005572       0x1c ./TIM1.o
                0x00005572                TIM1_voidDisableICUIntterrupt
 .text.TIM1_voidSetOvfCallback
                0x0000558e       0x24 ./TIM1.o
                0x0000558e                TIM1_voidSetOvfCallback
 .text.TIM1_voidSetCtcACallback
                0x000055b2       0x24 ./TIM1.o
                0x000055b2                TIM1_voidSetCtcACallback
 .text.TIM1_voidSetCtcBCallback
                0x000055d6       0x24 ./TIM1.o
                0x000055d6                TIM1_voidSetCtcBCallback
 .text.TIM1_voidSetICUCallback
                0x000055fa       0x24 ./TIM1.o
                0x000055fa                TIM1_voidSetICUCallback
 .text.TIM1_u16GetCntrValue
                0x0000561e       0x16 ./TIM1.o
                0x0000561e                TIM1_u16GetCntrValue
 .text.__vector_9
                0x00005634       0x5a ./TIM1.o
                0x00005634                __vector_9
 .text.__vector_7
                0x0000568e       0x5a ./TIM1.o
                0x0000568e                __vector_7
 .text.__vector_8
                0x000056e8       0x5a ./TIM1.o
                0x000056e8                __vector_8
 .text.__vector_6
                0x00005742       0x5a ./TIM1.o
                0x00005742                __vector_6
 .text.TIM1_voidPWMAGenerate
                0x0000579c       0x98 ./TIM1.o
                0x0000579c                TIM1_voidPWMAGenerate
 .text.TIM1_voidPWMBGenerate
                0x00005834       0x98 ./TIM1.o
                0x00005834                TIM1_voidPWMBGenerate
 .text.TIM2_voidInit
                0x000058cc       0x8a ./TIM2.o
                0x000058cc                TIM2_voidInit
 .text.TIM2_voidSetPreloadValue
                0x00005956       0x1c ./TIM2.o
                0x00005956                TIM2_voidSetPreloadValue
 .text.TIM2_voidSetOutputCompareValue
                0x00005972       0x1c ./TIM2.o
                0x00005972                TIM2_voidSetOutputCompareValue
 .text.TIM2_voidEnableOVFIntterrupt
                0x0000598e       0x1c ./TIM2.o
                0x0000598e                TIM2_voidEnableOVFIntterrupt
 .text.TIM2_voidDisableOVFIntterrupt
                0x000059aa       0x1c ./TIM2.o
                0x000059aa                TIM2_voidDisableOVFIntterrupt
 .text.TIM2_voidEnableCTCIntterrupt
                0x000059c6       0x1c ./TIM2.o
                0x000059c6                TIM2_voidEnableCTCIntterrupt
 .text.TIM2_voidDisableCTCIntterrupt
                0x000059e2       0x1c ./TIM2.o
                0x000059e2                TIM2_voidDisableCTCIntterrupt
 .text.TIM2_voidSetOvfCallback
                0x000059fe       0x24 ./TIM2.o
                0x000059fe                TIM2_voidSetOvfCallback
 .text.TIM2_voidSetCtcCallback
                0x00005a22       0x24 ./TIM2.o
                0x00005a22                TIM2_voidSetCtcCallback
 .text.__vector_5
                0x00005a46       0x88 ./TIM2.o
                0x00005a46                __vector_5
 .text.__vector_4
                0x00005ace       0x5a ./TIM2.o
                0x00005ace                __vector_4
 .text.TIM2_voidDelay_ms
                0x00005b28       0x64 ./TIM2.o
                0x00005b28                TIM2_voidDelay_ms
 .text.TIM2_voidDelay_Init
                0x00005b8c       0x52 ./TIM2.o
                0x00005b8c                TIM2_voidDelay_Init
 .text.TIM2_u16GetCntrValue
                0x00005bde       0x18 ./TIM2.o
                0x00005bde                TIM2_u16GetCntrValue
 .text.TIM2_voidsetCntrValue
                0x00005bf6       0x14 ./TIM2.o
                0x00005bf6                TIM2_voidsetCntrValue
 .text.TIM2_Void_dummy
                0x00005c0a        0xe ./TIM2.o
                0x00005c0a                TIM2_Void_dummy
 .text.main     0x00005c18       0x2a ./main.o
                0x00005c18                main
 .text.SERVO_voidMove
                0x00005c42       0x4c ./servo.o
                0x00005c42                SERVO_voidMove
 .text.uart_void_intial
                0x00005c8e       0x5e ./uart.o
                0x00005c8e                uart_void_intial
 .text.uart_void_read
                0x00005cec       0x64 ./uart.o
                0x00005cec                uart_void_read
 .text.uart_void_write
                0x00005d50       0x60 ./uart.o
                0x00005d50                uart_void_write
 .text.libgcc   0x00005db0       0x26 e:/01- embedded systems avr tools-20220809t121814z-001/01- embedded systems avr tools/01- imt sdk/imt_sdk_win_64/imt_sdk_win_64/winavr/bin/../lib/gcc/avr/4.3.3/avr5\libgcc.a(_divmodhi4.o)
                0x00005db0                __divmodhi4
                0x00005db0                _div
 .text.libgcc   0x00005dd6        0x0 e:/01- embedded systems avr tools-20220809t121814z-001/01- embedded systems avr tools/01- imt sdk/imt_sdk_win_64/imt_sdk_win_64/winavr/bin/../lib/gcc/avr/4.3.3/avr5\libgcc.a(_exit.o)
 .text.libgcc   0x00005dd6        0x0 e:/01- embedded systems avr tools-20220809t121814z-001/01- embedded systems avr tools/01- imt sdk/imt_sdk_win_64/imt_sdk_win_64/winavr/bin/../lib/gcc/avr/4.3.3/avr5\libgcc.a(_copy_data.o)
 .text.libgcc   0x00005dd6        0x0 e:/01- embedded systems avr tools-20220809t121814z-001/01- embedded systems avr tools/01- imt sdk/imt_sdk_win_64/imt_sdk_win_64/winavr/bin/../lib/gcc/avr/4.3.3/avr5\libgcc.a(_clear_bss.o)
 .text.libgcc   0x00005dd6       0x28 e:/01- embedded systems avr tools-20220809t121814z-001/01- embedded systems avr tools/01- imt sdk/imt_sdk_win_64/imt_sdk_win_64/winavr/bin/../lib/gcc/avr/4.3.3/avr5\libgcc.a(_udivmodhi4.o)
                0x00005dd6                __udivmodhi4
 .text.libgcc   0x00005dfe       0x38 e:/01- embedded systems avr tools-20220809t121814z-001/01- embedded systems avr tools/01- imt sdk/imt_sdk_win_64/imt_sdk_win_64/winavr/bin/../lib/gcc/avr/4.3.3/avr5\libgcc.a(_prologue.o)
                0x00005dfe                __prologue_saves__
 .text.libgcc   0x00005e36       0x36 e:/01- embedded systems avr tools-20220809t121814z-001/01- embedded systems avr tools/01- imt sdk/imt_sdk_win_64/imt_sdk_win_64/winavr/bin/../lib/gcc/avr/4.3.3/avr5\libgcc.a(_epilogue.o)
                0x00005e36                __epilogue_restores__
                0x00005e6c                . = ALIGN (0x2)
 *(.fini9)
 .fini9         0x00005e6c        0x0 e:/01- embedded systems avr tools-20220809t121814z-001/01- embedded systems avr tools/01- imt sdk/imt_sdk_win_64/imt_sdk_win_64/winavr/bin/../lib/gcc/avr/4.3.3/avr5\libgcc.a(_exit.o)
                0x00005e6c                exit
                0x00005e6c                _exit
 *(.fini9)
 *(.fini8)
 *(.fini8)
 *(.fini7)
 *(.fini7)
 *(.fini6)
 *(.fini6)
 *(.fini5)
 *(.fini5)
 *(.fini4)
 *(.fini4)
 *(.fini3)
 *(.fini3)
 *(.fini2)
 *(.fini2)
 *(.fini1)
 *(.fini1)
 *(.fini0)
 .fini0         0x00005e6c        0x4 e:/01- embedded systems avr tools-20220809t121814z-001/01- embedded systems avr tools/01- imt sdk/imt_sdk_win_64/imt_sdk_win_64/winavr/bin/../lib/gcc/avr/4.3.3/avr5\libgcc.a(_exit.o)
 *(.fini0)
                0x00005e70                _etext = .

.data           0x00800060      0x18a load address 0x00005e70
                0x00800060                PROVIDE (__data_start, .)
 *(.data)
 .data          0x00800060        0x0 e:/01- embedded systems avr tools-20220809t121814z-001/01- embedded systems avr tools/01- imt sdk/imt_sdk_win_64/imt_sdk_win_64/winavr/bin/../lib/gcc/avr/4.3.3/../../../../avr/lib/avr5/crtm32.o
 .data          0x00800060        0x0 ./DIO.o
 .data          0x00800060        0x0 ./EEPROM.o
 .data          0x00800060        0x0 ./EXTINT0.o
 .data          0x00800060        0x0 ./EXTINT1.o
 .data          0x00800060        0x0 ./EXTINT2.o
 .data          0x00800060        0x0 ./GIE.o
 .data          0x00800060        0x0 ./KEYPAD.o
 .data          0x00800060        0x0 ./KEYPAD_cfg.o
 .data          0x00800060        0x0 ./LCD.o
 .data          0x00800060        0x0 ./LCD_cfg.o
 .data          0x00800060       0x3a ./LOCK.o
 .data          0x0080009a        0x0 ./LOCK_confg.o
 .data          0x0080009a        0x0 ./Master_TWI.o
 .data          0x0080009a        0x0 ./PWM.o
 .data          0x0080009a        0x0 ./TIM0.o
 .data          0x0080009a        0x0 ./TIM1.o
 .data          0x0080009a        0x0 ./TIM1_cfg.o
 .data          0x0080009a        0x0 ./TIM2.o
 .data          0x0080009a        0x0 ./main.o
 .data          0x0080009a        0x0 ./pwm_cfg.o
 .data          0x0080009a        0x0 ./servo.o
 .data          0x0080009a        0x0 ./servo_cfg.o
 .data          0x0080009a        0x0 ./uart.o
 .data          0x0080009a        0x0 ./uart_cfg.o
 .data          0x0080009a        0x0 e:/01- embedded systems avr tools-20220809t121814z-001/01- embedded systems avr tools/01- imt sdk/imt_sdk_win_64/imt_sdk_win_64/winavr/bin/../lib/gcc/avr/4.3.3/avr5\libgcc.a(_divmodhi4.o)
 .data          0x0080009a        0x0 e:/01- embedded systems avr tools-20220809t121814z-001/01- embedded systems avr tools/01- imt sdk/imt_sdk_win_64/imt_sdk_win_64/winavr/bin/../lib/gcc/avr/4.3.3/avr5\libgcc.a(_exit.o)
 .data          0x0080009a        0x0 e:/01- embedded systems avr tools-20220809t121814z-001/01- embedded systems avr tools/01- imt sdk/imt_sdk_win_64/imt_sdk_win_64/winavr/bin/../lib/gcc/avr/4.3.3/avr5\libgcc.a(_copy_data.o)
 .data          0x0080009a        0x0 e:/01- embedded systems avr tools-20220809t121814z-001/01- embedded systems avr tools/01- imt sdk/imt_sdk_win_64/imt_sdk_win_64/winavr/bin/../lib/gcc/avr/4.3.3/avr5\libgcc.a(_clear_bss.o)
 .data          0x0080009a        0x0 e:/01- embedded systems avr tools-20220809t121814z-001/01- embedded systems avr tools/01- imt sdk/imt_sdk_win_64/imt_sdk_win_64/winavr/bin/../lib/gcc/avr/4.3.3/avr5\libgcc.a(_fixunssfsi.o)
 .data          0x0080009a        0x0 e:/01- embedded systems avr tools-20220809t121814z-001/01- embedded systems avr tools/01- imt sdk/imt_sdk_win_64/imt_sdk_win_64/winavr/bin/../lib/gcc/avr/4.3.3/avr5\libgcc.a(_addsub_sf.o)
 .data          0x0080009a        0x0 e:/01- embedded systems avr tools-20220809t121814z-001/01- embedded systems avr tools/01- imt sdk/imt_sdk_win_64/imt_sdk_win_64/winavr/bin/../lib/gcc/avr/4.3.3/avr5\libgcc.a(_mul_sf.o)
 .data          0x0080009a        0x0 e:/01- embedded systems avr tools-20220809t121814z-001/01- embedded systems avr tools/01- imt sdk/imt_sdk_win_64/imt_sdk_win_64/winavr/bin/../lib/gcc/avr/4.3.3/avr5\libgcc.a(_div_sf.o)
 .data          0x0080009a        0x0 e:/01- embedded systems avr tools-20220809t121814z-001/01- embedded systems avr tools/01- imt sdk/imt_sdk_win_64/imt_sdk_win_64/winavr/bin/../lib/gcc/avr/4.3.3/avr5\libgcc.a(_gt_sf.o)
 .data          0x0080009a        0x0 e:/01- embedded systems avr tools-20220809t121814z-001/01- embedded systems avr tools/01- imt sdk/imt_sdk_win_64/imt_sdk_win_64/winavr/bin/../lib/gcc/avr/4.3.3/avr5\libgcc.a(_ge_sf.o)
 .data          0x0080009a        0x0 e:/01- embedded systems avr tools-20220809t121814z-001/01- embedded systems avr tools/01- imt sdk/imt_sdk_win_64/imt_sdk_win_64/winavr/bin/../lib/gcc/avr/4.3.3/avr5\libgcc.a(_lt_sf.o)
 .data          0x0080009a        0x0 e:/01- embedded systems avr tools-20220809t121814z-001/01- embedded systems avr tools/01- imt sdk/imt_sdk_win_64/imt_sdk_win_64/winavr/bin/../lib/gcc/avr/4.3.3/avr5\libgcc.a(_si_to_sf.o)
 .data          0x0080009a        0x0 e:/01- embedded systems avr tools-20220809t121814z-001/01- embedded systems avr tools/01- imt sdk/imt_sdk_win_64/imt_sdk_win_64/winavr/bin/../lib/gcc/avr/4.3.3/avr5\libgcc.a(_sf_to_si.o)
 .data          0x0080009a        0x8 e:/01- embedded systems avr tools-20220809t121814z-001/01- embedded systems avr tools/01- imt sdk/imt_sdk_win_64/imt_sdk_win_64/winavr/bin/../lib/gcc/avr/4.3.3/avr5\libgcc.a(_thenan_sf.o)
                0x0080009a                __thenan_sf
 .data          0x008000a2        0x0 e:/01- embedded systems avr tools-20220809t121814z-001/01- embedded systems avr tools/01- imt sdk/imt_sdk_win_64/imt_sdk_win_64/winavr/bin/../lib/gcc/avr/4.3.3/avr5\libgcc.a(_usi_to_sf.o)
 .data          0x008000a2        0x0 e:/01- embedded systems avr tools-20220809t121814z-001/01- embedded systems avr tools/01- imt sdk/imt_sdk_win_64/imt_sdk_win_64/winavr/bin/../lib/gcc/avr/4.3.3/avr5\libgcc.a(_udivmodhi4.o)
 .data          0x008000a2        0x0 e:/01- embedded systems avr tools-20220809t121814z-001/01- embedded systems avr tools/01- imt sdk/imt_sdk_win_64/imt_sdk_win_64/winavr/bin/../lib/gcc/avr/4.3.3/avr5\libgcc.a(_prologue.o)
 .data          0x008000a2        0x0 e:/01- embedded systems avr tools-20220809t121814z-001/01- embedded systems avr tools/01- imt sdk/imt_sdk_win_64/imt_sdk_win_64/winavr/bin/../lib/gcc/avr/4.3.3/avr5\libgcc.a(_epilogue.o)
 .data          0x008000a2        0x0 e:/01- embedded systems avr tools-20220809t121814z-001/01- embedded systems avr tools/01- imt sdk/imt_sdk_win_64/imt_sdk_win_64/winavr/bin/../lib/gcc/avr/4.3.3/avr5\libgcc.a(_clzsi2.o)
 .data          0x008000a2        0x0 e:/01- embedded systems avr tools-20220809t121814z-001/01- embedded systems avr tools/01- imt sdk/imt_sdk_win_64/imt_sdk_win_64/winavr/bin/../lib/gcc/avr/4.3.3/avr5\libgcc.a(_pack_sf.o)
 .data          0x008000a2        0x0 e:/01- embedded systems avr tools-20220809t121814z-001/01- embedded systems avr tools/01- imt sdk/imt_sdk_win_64/imt_sdk_win_64/winavr/bin/../lib/gcc/avr/4.3.3/avr5\libgcc.a(_unpack_sf.o)
 .data          0x008000a2        0x0 e:/01- embedded systems avr tools-20220809t121814z-001/01- embedded systems avr tools/01- imt sdk/imt_sdk_win_64/imt_sdk_win_64/winavr/bin/../lib/gcc/avr/4.3.3/avr5\libgcc.a(_fpcmp_parts_sf.o)
 .data          0x008000a2      0x100 e:/01- embedded systems avr tools-20220809t121814z-001/01- embedded systems avr tools/01- imt sdk/imt_sdk_win_64/imt_sdk_win_64/winavr/bin/../lib/gcc/avr/4.3.3/avr5\libgcc.a(_clz.o)
                0x008000a2                __clz_tab
 *(.data*)
 .data.KEYPAD_astrPinCfg
                0x008001a2        0xa ./KEYPAD_cfg.o
                0x008001a2                KEYPAD_astrPinCfg
 .data.arraykaypad0
                0x008001ac        0xc ./KEYPAD_cfg.o
                0x008001ac                arraykaypad0
 .data.array    0x008001b8        0x2 ./KEYPAD_cfg.o
                0x008001b8                array
 .data.LCD_astrCfg
                0x008001ba        0xc ./LCD_cfg.o
                0x008001ba                LCD_astrCfg
 .data.passward
                0x008001c6        0x4 ./LOCK_confg.o
                0x008001c6                passward
 .data.pf_delay_intial
                0x008001ca        0x4 ./PWM.o
                0x008001ca                pf_delay_intial
 .data.pfu32_ms_delay
                0x008001ce        0x4 ./PWM.o
                0x008001ce                pfu32_ms_delay
 .data.TIM0_pfCtcCallback
                0x008001d2        0x2 ./TIM0.o
                0x008001d2                TIM0_pfCtcCallback
 .data.TIM0_pfOvfCallback
                0x008001d4        0x2 ./TIM0.o
                0x008001d4                TIM0_pfOvfCallback
 .data.TIM2_pfCtcCallback
                0x008001d6        0x2 ./TIM2.o
                0x008001d6                TIM2_pfCtcCallback
 .data.TIM2_pfOvfCallback
                0x008001d8        0x2 ./TIM2.o
                0x008001d8                TIM2_pfOvfCallback
 .data.pwm_cfg  0x008001da        0xa ./pwm_cfg.o
                0x008001da                pwm_cfg
 .data.arrPtoFunc
                0x008001e4        0x2 ./servo_cfg.o
                0x008001e4                arrPtoFunc
 .data.uart_cfg
                0x008001e6        0x4 ./uart_cfg.o
                0x008001e6                uart_cfg
 *(.rodata)
 *(.rodata*)
 *(.gnu.linkonce.d*)
                0x008001ea                . = ALIGN (0x2)
                0x008001ea                _edata = .
                0x008001ea                PROVIDE (__data_end, .)

.bss            0x008001ea       0x2d
                0x008001ea                PROVIDE (__bss_start, .)
 *(.bss)
 .bss           0x008001ea        0x0 e:/01- embedded systems avr tools-20220809t121814z-001/01- embedded systems avr tools/01- imt sdk/imt_sdk_win_64/imt_sdk_win_64/winavr/bin/../lib/gcc/avr/4.3.3/../../../../avr/lib/avr5/crtm32.o
 .bss           0x008001ea        0x0 ./DIO.o
 .bss           0x008001ea        0x0 ./EEPROM.o
 .bss           0x008001ea        0x0 ./EXTINT0.o
 .bss           0x008001ea        0x0 ./EXTINT1.o
 .bss           0x008001ea        0x0 ./EXTINT2.o
 .bss           0x008001ea        0x0 ./GIE.o
 .bss           0x008001ea        0x0 ./KEYPAD.o
 .bss           0x008001ea        0x0 ./KEYPAD_cfg.o
 .bss           0x008001ea        0x0 ./LCD.o
 .bss           0x008001ea        0x0 ./LCD_cfg.o
 .bss           0x008001ea        0x0 ./LOCK.o
 .bss           0x008001ea        0x0 ./LOCK_confg.o
 .bss           0x008001ea        0x0 ./Master_TWI.o
 .bss           0x008001ea        0x0 ./PWM.o
 .bss           0x008001ea        0x0 ./TIM0.o
 .bss           0x008001ea        0x0 ./TIM1.o
 .bss           0x008001ea        0x0 ./TIM1_cfg.o
 .bss           0x008001ea        0x0 ./TIM2.o
 .bss           0x008001ea        0x0 ./main.o
 .bss           0x008001ea        0x0 ./pwm_cfg.o
 .bss           0x008001ea        0x0 ./servo.o
 .bss           0x008001ea        0x0 ./servo_cfg.o
 .bss           0x008001ea        0x0 ./uart.o
 .bss           0x008001ea        0x0 ./uart_cfg.o
 .bss           0x008001ea        0x0 e:/01- embedded systems avr tools-20220809t121814z-001/01- embedded systems avr tools/01- imt sdk/imt_sdk_win_64/imt_sdk_win_64/winavr/bin/../lib/gcc/avr/4.3.3/avr5\libgcc.a(_divmodhi4.o)
 .bss           0x008001ea        0x0 e:/01- embedded systems avr tools-20220809t121814z-001/01- embedded systems avr tools/01- imt sdk/imt_sdk_win_64/imt_sdk_win_64/winavr/bin/../lib/gcc/avr/4.3.3/avr5\libgcc.a(_exit.o)
 .bss           0x008001ea        0x0 e:/01- embedded systems avr tools-20220809t121814z-001/01- embedded systems avr tools/01- imt sdk/imt_sdk_win_64/imt_sdk_win_64/winavr/bin/../lib/gcc/avr/4.3.3/avr5\libgcc.a(_copy_data.o)
 .bss           0x008001ea        0x0 e:/01- embedded systems avr tools-20220809t121814z-001/01- embedded systems avr tools/01- imt sdk/imt_sdk_win_64/imt_sdk_win_64/winavr/bin/../lib/gcc/avr/4.3.3/avr5\libgcc.a(_clear_bss.o)
 .bss           0x008001ea        0x0 e:/01- embedded systems avr tools-20220809t121814z-001/01- embedded systems avr tools/01- imt sdk/imt_sdk_win_64/imt_sdk_win_64/winavr/bin/../lib/gcc/avr/4.3.3/avr5\libgcc.a(_fixunssfsi.o)
 .bss           0x008001ea        0x0 e:/01- embedded systems avr tools-20220809t121814z-001/01- embedded systems avr tools/01- imt sdk/imt_sdk_win_64/imt_sdk_win_64/winavr/bin/../lib/gcc/avr/4.3.3/avr5\libgcc.a(_addsub_sf.o)
 .bss           0x008001ea        0x0 e:/01- embedded systems avr tools-20220809t121814z-001/01- embedded systems avr tools/01- imt sdk/imt_sdk_win_64/imt_sdk_win_64/winavr/bin/../lib/gcc/avr/4.3.3/avr5\libgcc.a(_mul_sf.o)
 .bss           0x008001ea        0x0 e:/01- embedded systems avr tools-20220809t121814z-001/01- embedded systems avr tools/01- imt sdk/imt_sdk_win_64/imt_sdk_win_64/winavr/bin/../lib/gcc/avr/4.3.3/avr5\libgcc.a(_div_sf.o)
 .bss           0x008001ea        0x0 e:/01- embedded systems avr tools-20220809t121814z-001/01- embedded systems avr tools/01- imt sdk/imt_sdk_win_64/imt_sdk_win_64/winavr/bin/../lib/gcc/avr/4.3.3/avr5\libgcc.a(_gt_sf.o)
 .bss           0x008001ea        0x0 e:/01- embedded systems avr tools-20220809t121814z-001/01- embedded systems avr tools/01- imt sdk/imt_sdk_win_64/imt_sdk_win_64/winavr/bin/../lib/gcc/avr/4.3.3/avr5\libgcc.a(_ge_sf.o)
 .bss           0x008001ea        0x0 e:/01- embedded systems avr tools-20220809t121814z-001/01- embedded systems avr tools/01- imt sdk/imt_sdk_win_64/imt_sdk_win_64/winavr/bin/../lib/gcc/avr/4.3.3/avr5\libgcc.a(_lt_sf.o)
 .bss           0x008001ea        0x0 e:/01- embedded systems avr tools-20220809t121814z-001/01- embedded systems avr tools/01- imt sdk/imt_sdk_win_64/imt_sdk_win_64/winavr/bin/../lib/gcc/avr/4.3.3/avr5\libgcc.a(_si_to_sf.o)
 .bss           0x008001ea        0x0 e:/01- embedded systems avr tools-20220809t121814z-001/01- embedded systems avr tools/01- imt sdk/imt_sdk_win_64/imt_sdk_win_64/winavr/bin/../lib/gcc/avr/4.3.3/avr5\libgcc.a(_sf_to_si.o)
 .bss           0x008001ea        0x0 e:/01- embedded systems avr tools-20220809t121814z-001/01- embedded systems avr tools/01- imt sdk/imt_sdk_win_64/imt_sdk_win_64/winavr/bin/../lib/gcc/avr/4.3.3/avr5\libgcc.a(_thenan_sf.o)
 .bss           0x008001ea        0x0 e:/01- embedded systems avr tools-20220809t121814z-001/01- embedded systems avr tools/01- imt sdk/imt_sdk_win_64/imt_sdk_win_64/winavr/bin/../lib/gcc/avr/4.3.3/avr5\libgcc.a(_usi_to_sf.o)
 .bss           0x008001ea        0x0 e:/01- embedded systems avr tools-20220809t121814z-001/01- embedded systems avr tools/01- imt sdk/imt_sdk_win_64/imt_sdk_win_64/winavr/bin/../lib/gcc/avr/4.3.3/avr5\libgcc.a(_udivmodhi4.o)
 .bss           0x008001ea        0x0 e:/01- embedded systems avr tools-20220809t121814z-001/01- embedded systems avr tools/01- imt sdk/imt_sdk_win_64/imt_sdk_win_64/winavr/bin/../lib/gcc/avr/4.3.3/avr5\libgcc.a(_prologue.o)
 .bss           0x008001ea        0x0 e:/01- embedded systems avr tools-20220809t121814z-001/01- embedded systems avr tools/01- imt sdk/imt_sdk_win_64/imt_sdk_win_64/winavr/bin/../lib/gcc/avr/4.3.3/avr5\libgcc.a(_epilogue.o)
 .bss           0x008001ea        0x0 e:/01- embedded systems avr tools-20220809t121814z-001/01- embedded systems avr tools/01- imt sdk/imt_sdk_win_64/imt_sdk_win_64/winavr/bin/../lib/gcc/avr/4.3.3/avr5\libgcc.a(_clzsi2.o)
 .bss           0x008001ea        0x0 e:/01- embedded systems avr tools-20220809t121814z-001/01- embedded systems avr tools/01- imt sdk/imt_sdk_win_64/imt_sdk_win_64/winavr/bin/../lib/gcc/avr/4.3.3/avr5\libgcc.a(_pack_sf.o)
 .bss           0x008001ea        0x0 e:/01- embedded systems avr tools-20220809t121814z-001/01- embedded systems avr tools/01- imt sdk/imt_sdk_win_64/imt_sdk_win_64/winavr/bin/../lib/gcc/avr/4.3.3/avr5\libgcc.a(_unpack_sf.o)
 .bss           0x008001ea        0x0 e:/01- embedded systems avr tools-20220809t121814z-001/01- embedded systems avr tools/01- imt sdk/imt_sdk_win_64/imt_sdk_win_64/winavr/bin/../lib/gcc/avr/4.3.3/avr5\libgcc.a(_fpcmp_parts_sf.o)
 .bss           0x008001ea        0x0 e:/01- embedded systems avr tools-20220809t121814z-001/01- embedded systems avr tools/01- imt sdk/imt_sdk_win_64/imt_sdk_win_64/winavr/bin/../lib/gcc/avr/4.3.3/avr5\libgcc.a(_clz.o)
 *(.bss*)
 .bss.read_distance_ok
                0x008001ea        0x2 ./LOCK.o
                0x008001ea                read_distance_ok
 .bss.open_door
                0x008001ec        0x2 ./LOCK.o
                0x008001ec                open_door
 .bss.u8_up_flag
                0x008001ee        0x1 ./TIM0.o
                0x008001ee                u8_up_flag
 *(COMMON)
 COMMON         0x008001ef        0x2 ./EXTINT0.o
                0x008001ef                EXTINT0_pfCallback
 COMMON         0x008001f1        0x2 ./EXTINT1.o
                0x008001f1                EXTINT1_pfCallback
 COMMON         0x008001f3        0x2 ./EXTINT2.o
                0x008001f3                EXTINT2_pfCallback
 COMMON         0x008001f5        0x0 ./LCD.o
 COMMON         0x008001f5        0x4 ./LOCK.o
                0x008001f5                password_rom
 COMMON         0x008001f9        0x8 ./PWM.o
                0x008001f9                u32_time_on_ms
                0x008001fd                u32_time_off_ms
 COMMON         0x00800201        0xe ./TIM0.o
                0x00800201                counter
                0x00800205                delay
                0x00800209                TimerCounter
                0x0080020d                factor
                0x0080020e                u8_used
 COMMON         0x0080020f        0x8 ./TIM1.o
                0x0080020f                TIM1_pfICUCallBack
                0x00800211                TIM1_pfOvfCallback
                0x00800213                TIM1_pfCtcACallback
                0x00800215                TIM1_pfCtcBCallback
                0x00800217                PROVIDE (__bss_end, .)
                0x00005e70                __data_load_start = LOADADDR (.data)
                0x00005ffa                __data_load_end = (__data_load_start + SIZEOF (.data))

.noinit         0x00800217        0x0
                0x00800217                PROVIDE (__noinit_start, .)
 *(.noinit*)
                0x00800217                PROVIDE (__noinit_end, .)
                0x00800217                _end = .
                0x00800217                PROVIDE (__heap_start, .)

.eeprom         0x00810000        0x0
 *(.eeprom*)
                0x00810000                __eeprom_end = .

.fuse
 *(.fuse)
 *(.lfuse)
 *(.hfuse)
 *(.efuse)

.lock
 *(.lock*)

.signature
 *(.signature*)

.stab           0x00000000     0x5e50
 *(.stab)
 .stab          0x00000000      0x8f4 ./DIO.o
 .stab          0x000008f4      0x228 ./EEPROM.o
                                0x324 (size before relaxing)
 .stab          0x00000b1c      0x288 ./EXTINT0.o
                                0x384 (size before relaxing)
 .stab          0x00000da4      0x288 ./EXTINT1.o
                                0x384 (size before relaxing)
 .stab          0x0000102c      0x264 ./EXTINT2.o
                                0x360 (size before relaxing)
 .stab          0x00001290      0x144 ./GIE.o
                                0x240 (size before relaxing)
 .stab          0x000013d4      0x780 ./KEYPAD.o
                                0x894 (size before relaxing)
 .stab          0x00001b54      0x120 ./KEYPAD_cfg.o
                                0x24c (size before relaxing)
 .stab          0x00001c74     0x11f4 ./LCD.o
                               0x14a0 (size before relaxing)
 .stab          0x00002e68      0x108 ./LCD_cfg.o
                                0x24c (size before relaxing)
 .stab          0x00002f70      0xc54 ./LOCK.o
                                0xf00 (size before relaxing)
 .stab          0x00003bc4       0xf0 ./LOCK_confg.o
                                0x1ec (size before relaxing)
 .stab          0x00003cb4      0x324 ./Master_TWI.o
                                0x420 (size before relaxing)
 .stab          0x00003fd8      0x36c ./PWM.o
                                0x480 (size before relaxing)
 .stab          0x00004344      0x678 ./TIM0.o
                                0x774 (size before relaxing)
 .stab          0x000049bc      0x684 ./TIM1.o
                                0x780 (size before relaxing)
 .stab          0x00005040       0xd8 ./TIM1_cfg.o
                                 0xe4 (size before relaxing)
 .stab          0x00005118      0x558 ./TIM2.o
                                0x654 (size before relaxing)
 .stab          0x00005670      0x180 ./main.o
                                0x2b8 (size before relaxing)
 .stab          0x000057f0      0x108 ./pwm_cfg.o
                                0x234 (size before relaxing)
 .stab          0x000058f8      0x12c ./servo.o
                                0x228 (size before relaxing)
 .stab          0x00005a24       0xfc ./servo_cfg.o
                                0x210 (size before relaxing)
 .stab          0x00005b20      0x228 ./uart.o
                                0x348 (size before relaxing)
 .stab          0x00005d48      0x108 ./uart_cfg.o
                                0x228 (size before relaxing)

.stabstr        0x00000000     0x280e
 *(.stabstr)
 .stabstr       0x00000000     0x280e ./DIO.o

.stab.excl
 *(.stab.excl)

.stab.exclstr
 *(.stab.exclstr)

.stab.index
 *(.stab.index)

.stab.indexstr
 *(.stab.indexstr)

.comment
 *(.comment)

.debug
 *(.debug)

.line
 *(.line)

.debug_srcinfo
 *(.debug_srcinfo)

.debug_sfnames
 *(.debug_sfnames)

.debug_aranges  0x00000000      0x1c0
 *(.debug_aranges)
 .debug_aranges
                0x00000000       0x20 e:/01- embedded systems avr tools-20220809t121814z-001/01- embedded systems avr tools/01- imt sdk/imt_sdk_win_64/imt_sdk_win_64/winavr/bin/../lib/gcc/avr/4.3.3/avr5\libgcc.a(_fixunssfsi.o)
 .debug_aranges
                0x00000020       0x20 e:/01- embedded systems avr tools-20220809t121814z-001/01- embedded systems avr tools/01- imt sdk/imt_sdk_win_64/imt_sdk_win_64/winavr/bin/../lib/gcc/avr/4.3.3/avr5\libgcc.a(_addsub_sf.o)
 .debug_aranges
                0x00000040       0x20 e:/01- embedded systems avr tools-20220809t121814z-001/01- embedded systems avr tools/01- imt sdk/imt_sdk_win_64/imt_sdk_win_64/winavr/bin/../lib/gcc/avr/4.3.3/avr5\libgcc.a(_mul_sf.o)
 .debug_aranges
                0x00000060       0x20 e:/01- embedded systems avr tools-20220809t121814z-001/01- embedded systems avr tools/01- imt sdk/imt_sdk_win_64/imt_sdk_win_64/winavr/bin/../lib/gcc/avr/4.3.3/avr5\libgcc.a(_div_sf.o)
 .debug_aranges
                0x00000080       0x20 e:/01- embedded systems avr tools-20220809t121814z-001/01- embedded systems avr tools/01- imt sdk/imt_sdk_win_64/imt_sdk_win_64/winavr/bin/../lib/gcc/avr/4.3.3/avr5\libgcc.a(_gt_sf.o)
 .debug_aranges
                0x000000a0       0x20 e:/01- embedded systems avr tools-20220809t121814z-001/01- embedded systems avr tools/01- imt sdk/imt_sdk_win_64/imt_sdk_win_64/winavr/bin/../lib/gcc/avr/4.3.3/avr5\libgcc.a(_ge_sf.o)
 .debug_aranges
                0x000000c0       0x20 e:/01- embedded systems avr tools-20220809t121814z-001/01- embedded systems avr tools/01- imt sdk/imt_sdk_win_64/imt_sdk_win_64/winavr/bin/../lib/gcc/avr/4.3.3/avr5\libgcc.a(_lt_sf.o)
 .debug_aranges
                0x000000e0       0x20 e:/01- embedded systems avr tools-20220809t121814z-001/01- embedded systems avr tools/01- imt sdk/imt_sdk_win_64/imt_sdk_win_64/winavr/bin/../lib/gcc/avr/4.3.3/avr5\libgcc.a(_si_to_sf.o)
 .debug_aranges
                0x00000100       0x20 e:/01- embedded systems avr tools-20220809t121814z-001/01- embedded systems avr tools/01- imt sdk/imt_sdk_win_64/imt_sdk_win_64/winavr/bin/../lib/gcc/avr/4.3.3/avr5\libgcc.a(_sf_to_si.o)
 .debug_aranges
                0x00000120       0x20 e:/01- embedded systems avr tools-20220809t121814z-001/01- embedded systems avr tools/01- imt sdk/imt_sdk_win_64/imt_sdk_win_64/winavr/bin/../lib/gcc/avr/4.3.3/avr5\libgcc.a(_usi_to_sf.o)
 .debug_aranges
                0x00000140       0x20 e:/01- embedded systems avr tools-20220809t121814z-001/01- embedded systems avr tools/01- imt sdk/imt_sdk_win_64/imt_sdk_win_64/winavr/bin/../lib/gcc/avr/4.3.3/avr5\libgcc.a(_clzsi2.o)
 .debug_aranges
                0x00000160       0x20 e:/01- embedded systems avr tools-20220809t121814z-001/01- embedded systems avr tools/01- imt sdk/imt_sdk_win_64/imt_sdk_win_64/winavr/bin/../lib/gcc/avr/4.3.3/avr5\libgcc.a(_pack_sf.o)
 .debug_aranges
                0x00000180       0x20 e:/01- embedded systems avr tools-20220809t121814z-001/01- embedded systems avr tools/01- imt sdk/imt_sdk_win_64/imt_sdk_win_64/winavr/bin/../lib/gcc/avr/4.3.3/avr5\libgcc.a(_unpack_sf.o)
 .debug_aranges
                0x000001a0       0x20 e:/01- embedded systems avr tools-20220809t121814z-001/01- embedded systems avr tools/01- imt sdk/imt_sdk_win_64/imt_sdk_win_64/winavr/bin/../lib/gcc/avr/4.3.3/avr5\libgcc.a(_fpcmp_parts_sf.o)

.debug_pubnames
                0x00000000      0x214
 *(.debug_pubnames)
 .debug_pubnames
                0x00000000       0x23 e:/01- embedded systems avr tools-20220809t121814z-001/01- embedded systems avr tools/01- imt sdk/imt_sdk_win_64/imt_sdk_win_64/winavr/bin/../lib/gcc/avr/4.3.3/avr5\libgcc.a(_fixunssfsi.o)
 .debug_pubnames
                0x00000023       0x2c e:/01- embedded systems avr tools-20220809t121814z-001/01- embedded systems avr tools/01- imt sdk/imt_sdk_win_64/imt_sdk_win_64/winavr/bin/../lib/gcc/avr/4.3.3/avr5\libgcc.a(_addsub_sf.o)
 .debug_pubnames
                0x0000004f       0x1f e:/01- embedded systems avr tools-20220809t121814z-001/01- embedded systems avr tools/01- imt sdk/imt_sdk_win_64/imt_sdk_win_64/winavr/bin/../lib/gcc/avr/4.3.3/avr5\libgcc.a(_mul_sf.o)
 .debug_pubnames
                0x0000006e       0x1f e:/01- embedded systems avr tools-20220809t121814z-001/01- embedded systems avr tools/01- imt sdk/imt_sdk_win_64/imt_sdk_win_64/winavr/bin/../lib/gcc/avr/4.3.3/avr5\libgcc.a(_div_sf.o)
 .debug_pubnames
                0x0000008d       0x1e e:/01- embedded systems avr tools-20220809t121814z-001/01- embedded systems avr tools/01- imt sdk/imt_sdk_win_64/imt_sdk_win_64/winavr/bin/../lib/gcc/avr/4.3.3/avr5\libgcc.a(_gt_sf.o)
 .debug_pubnames
                0x000000ab       0x1e e:/01- embedded systems avr tools-20220809t121814z-001/01- embedded systems avr tools/01- imt sdk/imt_sdk_win_64/imt_sdk_win_64/winavr/bin/../lib/gcc/avr/4.3.3/avr5\libgcc.a(_ge_sf.o)
 .debug_pubnames
                0x000000c9       0x1e e:/01- embedded systems avr tools-20220809t121814z-001/01- embedded systems avr tools/01- imt sdk/imt_sdk_win_64/imt_sdk_win_64/winavr/bin/../lib/gcc/avr/4.3.3/avr5\libgcc.a(_lt_sf.o)
 .debug_pubnames
                0x000000e7       0x22 e:/01- embedded systems avr tools-20220809t121814z-001/01- embedded systems avr tools/01- imt sdk/imt_sdk_win_64/imt_sdk_win_64/winavr/bin/../lib/gcc/avr/4.3.3/avr5\libgcc.a(_si_to_sf.o)
 .debug_pubnames
                0x00000109       0x20 e:/01- embedded systems avr tools-20220809t121814z-001/01- embedded systems avr tools/01- imt sdk/imt_sdk_win_64/imt_sdk_win_64/winavr/bin/../lib/gcc/avr/4.3.3/avr5\libgcc.a(_sf_to_si.o)
 .debug_pubnames
                0x00000129       0x22 e:/01- embedded systems avr tools-20220809t121814z-001/01- embedded systems avr tools/01- imt sdk/imt_sdk_win_64/imt_sdk_win_64/winavr/bin/../lib/gcc/avr/4.3.3/avr5\libgcc.a(_thenan_sf.o)
 .debug_pubnames
                0x0000014b       0x24 e:/01- embedded systems avr tools-20220809t121814z-001/01- embedded systems avr tools/01- imt sdk/imt_sdk_win_64/imt_sdk_win_64/winavr/bin/../lib/gcc/avr/4.3.3/avr5\libgcc.a(_usi_to_sf.o)
 .debug_pubnames
                0x0000016f       0x1f e:/01- embedded systems avr tools-20220809t121814z-001/01- embedded systems avr tools/01- imt sdk/imt_sdk_win_64/imt_sdk_win_64/winavr/bin/../lib/gcc/avr/4.3.3/avr5\libgcc.a(_clzsi2.o)
 .debug_pubnames
                0x0000018e       0x1f e:/01- embedded systems avr tools-20220809t121814z-001/01- embedded systems avr tools/01- imt sdk/imt_sdk_win_64/imt_sdk_win_64/winavr/bin/../lib/gcc/avr/4.3.3/avr5\libgcc.a(_pack_sf.o)
 .debug_pubnames
                0x000001ad       0x21 e:/01- embedded systems avr tools-20220809t121814z-001/01- embedded systems avr tools/01- imt sdk/imt_sdk_win_64/imt_sdk_win_64/winavr/bin/../lib/gcc/avr/4.3.3/avr5\libgcc.a(_unpack_sf.o)
 .debug_pubnames
                0x000001ce       0x26 e:/01- embedded systems avr tools-20220809t121814z-001/01- embedded systems avr tools/01- imt sdk/imt_sdk_win_64/imt_sdk_win_64/winavr/bin/../lib/gcc/avr/4.3.3/avr5\libgcc.a(_fpcmp_parts_sf.o)
 .debug_pubnames
                0x000001f4       0x20 e:/01- embedded systems avr tools-20220809t121814z-001/01- embedded systems avr tools/01- imt sdk/imt_sdk_win_64/imt_sdk_win_64/winavr/bin/../lib/gcc/avr/4.3.3/avr5\libgcc.a(_clz.o)

.debug_info     0x00000000     0x2612
 *(.debug_info)
 .debug_info    0x00000000       0xb1 e:/01- embedded systems avr tools-20220809t121814z-001/01- embedded systems avr tools/01- imt sdk/imt_sdk_win_64/imt_sdk_win_64/winavr/bin/../lib/gcc/avr/4.3.3/avr5\libgcc.a(_fixunssfsi.o)
 .debug_info    0x000000b1      0x47a e:/01- embedded systems avr tools-20220809t121814z-001/01- embedded systems avr tools/01- imt sdk/imt_sdk_win_64/imt_sdk_win_64/winavr/bin/../lib/gcc/avr/4.3.3/avr5\libgcc.a(_addsub_sf.o)
 .debug_info    0x0000052b      0x485 e:/01- embedded systems avr tools-20220809t121814z-001/01- embedded systems avr tools/01- imt sdk/imt_sdk_win_64/imt_sdk_win_64/winavr/bin/../lib/gcc/avr/4.3.3/avr5\libgcc.a(_mul_sf.o)
 .debug_info    0x000009b0      0x3fc e:/01- embedded systems avr tools-20220809t121814z-001/01- embedded systems avr tools/01- imt sdk/imt_sdk_win_64/imt_sdk_win_64/winavr/bin/../lib/gcc/avr/4.3.3/avr5\libgcc.a(_div_sf.o)
 .debug_info    0x00000dac      0x27f e:/01- embedded systems avr tools-20220809t121814z-001/01- embedded systems avr tools/01- imt sdk/imt_sdk_win_64/imt_sdk_win_64/winavr/bin/../lib/gcc/avr/4.3.3/avr5\libgcc.a(_gt_sf.o)
 .debug_info    0x0000102b      0x27f e:/01- embedded systems avr tools-20220809t121814z-001/01- embedded systems avr tools/01- imt sdk/imt_sdk_win_64/imt_sdk_win_64/winavr/bin/../lib/gcc/avr/4.3.3/avr5\libgcc.a(_ge_sf.o)
 .debug_info    0x000012aa      0x27f e:/01- embedded systems avr tools-20220809t121814z-001/01- embedded systems avr tools/01- imt sdk/imt_sdk_win_64/imt_sdk_win_64/winavr/bin/../lib/gcc/avr/4.3.3/avr5\libgcc.a(_lt_sf.o)
 .debug_info    0x00001529      0x207 e:/01- embedded systems avr tools-20220809t121814z-001/01- embedded systems avr tools/01- imt sdk/imt_sdk_win_64/imt_sdk_win_64/winavr/bin/../lib/gcc/avr/4.3.3/avr5\libgcc.a(_si_to_sf.o)
 .debug_info    0x00001730      0x2b0 e:/01- embedded systems avr tools-20220809t121814z-001/01- embedded systems avr tools/01- imt sdk/imt_sdk_win_64/imt_sdk_win_64/winavr/bin/../lib/gcc/avr/4.3.3/avr5\libgcc.a(_sf_to_si.o)
 .debug_info    0x000019e0      0x12c e:/01- embedded systems avr tools-20220809t121814z-001/01- embedded systems avr tools/01- imt sdk/imt_sdk_win_64/imt_sdk_win_64/winavr/bin/../lib/gcc/avr/4.3.3/avr5\libgcc.a(_thenan_sf.o)
 .debug_info    0x00001b0c      0x206 e:/01- embedded systems avr tools-20220809t121814z-001/01- embedded systems avr tools/01- imt sdk/imt_sdk_win_64/imt_sdk_win_64/winavr/bin/../lib/gcc/avr/4.3.3/avr5\libgcc.a(_usi_to_sf.o)
 .debug_info    0x00001d12      0x117 e:/01- embedded systems avr tools-20220809t121814z-001/01- embedded systems avr tools/01- imt sdk/imt_sdk_win_64/imt_sdk_win_64/winavr/bin/../lib/gcc/avr/4.3.3/avr5\libgcc.a(_clzsi2.o)
 .debug_info    0x00001e29      0x2df e:/01- embedded systems avr tools-20220809t121814z-001/01- embedded systems avr tools/01- imt sdk/imt_sdk_win_64/imt_sdk_win_64/winavr/bin/../lib/gcc/avr/4.3.3/avr5\libgcc.a(_pack_sf.o)
 .debug_info    0x00002108      0x251 e:/01- embedded systems avr tools-20220809t121814z-001/01- embedded systems avr tools/01- imt sdk/imt_sdk_win_64/imt_sdk_win_64/winavr/bin/../lib/gcc/avr/4.3.3/avr5\libgcc.a(_unpack_sf.o)
 .debug_info    0x00002359      0x210 e:/01- embedded systems avr tools-20220809t121814z-001/01- embedded systems avr tools/01- imt sdk/imt_sdk_win_64/imt_sdk_win_64/winavr/bin/../lib/gcc/avr/4.3.3/avr5\libgcc.a(_fpcmp_parts_sf.o)
 .debug_info    0x00002569       0xa9 e:/01- embedded systems avr tools-20220809t121814z-001/01- embedded systems avr tools/01- imt sdk/imt_sdk_win_64/imt_sdk_win_64/winavr/bin/../lib/gcc/avr/4.3.3/avr5\libgcc.a(_clz.o)
 *(.gnu.linkonce.wi.*)

.debug_abbrev   0x00000000     0x14ce
 *(.debug_abbrev)
 .debug_abbrev  0x00000000       0x5d e:/01- embedded systems avr tools-20220809t121814z-001/01- embedded systems avr tools/01- imt sdk/imt_sdk_win_64/imt_sdk_win_64/winavr/bin/../lib/gcc/avr/4.3.3/avr5\libgcc.a(_fixunssfsi.o)
 .debug_abbrev  0x0000005d      0x1ea e:/01- embedded systems avr tools-20220809t121814z-001/01- embedded systems avr tools/01- imt sdk/imt_sdk_win_64/imt_sdk_win_64/winavr/bin/../lib/gcc/avr/4.3.3/avr5\libgcc.a(_addsub_sf.o)
 .debug_abbrev  0x00000247      0x21b e:/01- embedded systems avr tools-20220809t121814z-001/01- embedded systems avr tools/01- imt sdk/imt_sdk_win_64/imt_sdk_win_64/winavr/bin/../lib/gcc/avr/4.3.3/avr5\libgcc.a(_mul_sf.o)
 .debug_abbrev  0x00000462      0x216 e:/01- embedded systems avr tools-20220809t121814z-001/01- embedded systems avr tools/01- imt sdk/imt_sdk_win_64/imt_sdk_win_64/winavr/bin/../lib/gcc/avr/4.3.3/avr5\libgcc.a(_div_sf.o)
 .debug_abbrev  0x00000678      0x15a e:/01- embedded systems avr tools-20220809t121814z-001/01- embedded systems avr tools/01- imt sdk/imt_sdk_win_64/imt_sdk_win_64/winavr/bin/../lib/gcc/avr/4.3.3/avr5\libgcc.a(_gt_sf.o)
 .debug_abbrev  0x000007d2      0x15a e:/01- embedded systems avr tools-20220809t121814z-001/01- embedded systems avr tools/01- imt sdk/imt_sdk_win_64/imt_sdk_win_64/winavr/bin/../lib/gcc/avr/4.3.3/avr5\libgcc.a(_ge_sf.o)
 .debug_abbrev  0x0000092c      0x15a e:/01- embedded systems avr tools-20220809t121814z-001/01- embedded systems avr tools/01- imt sdk/imt_sdk_win_64/imt_sdk_win_64/winavr/bin/../lib/gcc/avr/4.3.3/avr5\libgcc.a(_lt_sf.o)
 .debug_abbrev  0x00000a86      0x148 e:/01- embedded systems avr tools-20220809t121814z-001/01- embedded systems avr tools/01- imt sdk/imt_sdk_win_64/imt_sdk_win_64/winavr/bin/../lib/gcc/avr/4.3.3/avr5\libgcc.a(_si_to_sf.o)
 .debug_abbrev  0x00000bce      0x17f e:/01- embedded systems avr tools-20220809t121814z-001/01- embedded systems avr tools/01- imt sdk/imt_sdk_win_64/imt_sdk_win_64/winavr/bin/../lib/gcc/avr/4.3.3/avr5\libgcc.a(_sf_to_si.o)
 .debug_abbrev  0x00000d4d       0xad e:/01- embedded systems avr tools-20220809t121814z-001/01- embedded systems avr tools/01- imt sdk/imt_sdk_win_64/imt_sdk_win_64/winavr/bin/../lib/gcc/avr/4.3.3/avr5\libgcc.a(_thenan_sf.o)
 .debug_abbrev  0x00000dfa      0x157 e:/01- embedded systems avr tools-20220809t121814z-001/01- embedded systems avr tools/01- imt sdk/imt_sdk_win_64/imt_sdk_win_64/winavr/bin/../lib/gcc/avr/4.3.3/avr5\libgcc.a(_usi_to_sf.o)
 .debug_abbrev  0x00000f51       0xc4 e:/01- embedded systems avr tools-20220809t121814z-001/01- embedded systems avr tools/01- imt sdk/imt_sdk_win_64/imt_sdk_win_64/winavr/bin/../lib/gcc/avr/4.3.3/avr5\libgcc.a(_clzsi2.o)
 .debug_abbrev  0x00001015      0x1c0 e:/01- embedded systems avr tools-20220809t121814z-001/01- embedded systems avr tools/01- imt sdk/imt_sdk_win_64/imt_sdk_win_64/winavr/bin/../lib/gcc/avr/4.3.3/avr5\libgcc.a(_pack_sf.o)
 .debug_abbrev  0x000011d5      0x154 e:/01- embedded systems avr tools-20220809t121814z-001/01- embedded systems avr tools/01- imt sdk/imt_sdk_win_64/imt_sdk_win_64/winavr/bin/../lib/gcc/avr/4.3.3/avr5\libgcc.a(_unpack_sf.o)
 .debug_abbrev  0x00001329      0x13b e:/01- embedded systems avr tools-20220809t121814z-001/01- embedded systems avr tools/01- imt sdk/imt_sdk_win_64/imt_sdk_win_64/winavr/bin/../lib/gcc/avr/4.3.3/avr5\libgcc.a(_fpcmp_parts_sf.o)
 .debug_abbrev  0x00001464       0x6a e:/01- embedded systems avr tools-20220809t121814z-001/01- embedded systems avr tools/01- imt sdk/imt_sdk_win_64/imt_sdk_win_64/winavr/bin/../lib/gcc/avr/4.3.3/avr5\libgcc.a(_clz.o)

.debug_line     0x00000000     0x130b
 *(.debug_line)
 .debug_line    0x00000000       0xa7 e:/01- embedded systems avr tools-20220809t121814z-001/01- embedded systems avr tools/01- imt sdk/imt_sdk_win_64/imt_sdk_win_64/winavr/bin/../lib/gcc/avr/4.3.3/avr5\libgcc.a(_fixunssfsi.o)
 .debug_line    0x000000a7      0x2af e:/01- embedded systems avr tools-20220809t121814z-001/01- embedded systems avr tools/01- imt sdk/imt_sdk_win_64/imt_sdk_win_64/winavr/bin/../lib/gcc/avr/4.3.3/avr5\libgcc.a(_addsub_sf.o)
 .debug_line    0x00000356      0x239 e:/01- embedded systems avr tools-20220809t121814z-001/01- embedded systems avr tools/01- imt sdk/imt_sdk_win_64/imt_sdk_win_64/winavr/bin/../lib/gcc/avr/4.3.3/avr5\libgcc.a(_mul_sf.o)
 .debug_line    0x0000058f      0x1d5 e:/01- embedded systems avr tools-20220809t121814z-001/01- embedded systems avr tools/01- imt sdk/imt_sdk_win_64/imt_sdk_win_64/winavr/bin/../lib/gcc/avr/4.3.3/avr5\libgcc.a(_div_sf.o)
 .debug_line    0x00000764       0xd3 e:/01- embedded systems avr tools-20220809t121814z-001/01- embedded systems avr tools/01- imt sdk/imt_sdk_win_64/imt_sdk_win_64/winavr/bin/../lib/gcc/avr/4.3.3/avr5\libgcc.a(_gt_sf.o)
 .debug_line    0x00000837       0xd3 e:/01- embedded systems avr tools-20220809t121814z-001/01- embedded systems avr tools/01- imt sdk/imt_sdk_win_64/imt_sdk_win_64/winavr/bin/../lib/gcc/avr/4.3.3/avr5\libgcc.a(_ge_sf.o)
 .debug_line    0x0000090a       0xd3 e:/01- embedded systems avr tools-20220809t121814z-001/01- embedded systems avr tools/01- imt sdk/imt_sdk_win_64/imt_sdk_win_64/winavr/bin/../lib/gcc/avr/4.3.3/avr5\libgcc.a(_lt_sf.o)
 .debug_line    0x000009dd      0x135 e:/01- embedded systems avr tools-20220809t121814z-001/01- embedded systems avr tools/01- imt sdk/imt_sdk_win_64/imt_sdk_win_64/winavr/bin/../lib/gcc/avr/4.3.3/avr5\libgcc.a(_si_to_sf.o)
 .debug_line    0x00000b12      0x109 e:/01- embedded systems avr tools-20220809t121814z-001/01- embedded systems avr tools/01- imt sdk/imt_sdk_win_64/imt_sdk_win_64/winavr/bin/../lib/gcc/avr/4.3.3/avr5\libgcc.a(_sf_to_si.o)
 .debug_line    0x00000c1b       0x90 e:/01- embedded systems avr tools-20220809t121814z-001/01- embedded systems avr tools/01- imt sdk/imt_sdk_win_64/imt_sdk_win_64/winavr/bin/../lib/gcc/avr/4.3.3/avr5\libgcc.a(_thenan_sf.o)
 .debug_line    0x00000cab      0x133 e:/01- embedded systems avr tools-20220809t121814z-001/01- embedded systems avr tools/01- imt sdk/imt_sdk_win_64/imt_sdk_win_64/winavr/bin/../lib/gcc/avr/4.3.3/avr5\libgcc.a(_usi_to_sf.o)
 .debug_line    0x00000dde       0xa5 e:/01- embedded systems avr tools-20220809t121814z-001/01- embedded systems avr tools/01- imt sdk/imt_sdk_win_64/imt_sdk_win_64/winavr/bin/../lib/gcc/avr/4.3.3/avr5\libgcc.a(_clzsi2.o)
 .debug_line    0x00000e83      0x18a e:/01- embedded systems avr tools-20220809t121814z-001/01- embedded systems avr tools/01- imt sdk/imt_sdk_win_64/imt_sdk_win_64/winavr/bin/../lib/gcc/avr/4.3.3/avr5\libgcc.a(_pack_sf.o)
 .debug_line    0x0000100d      0x14b e:/01- embedded systems avr tools-20220809t121814z-001/01- embedded systems avr tools/01- imt sdk/imt_sdk_win_64/imt_sdk_win_64/winavr/bin/../lib/gcc/avr/4.3.3/avr5\libgcc.a(_unpack_sf.o)
 .debug_line    0x00001158      0x137 e:/01- embedded systems avr tools-20220809t121814z-001/01- embedded systems avr tools/01- imt sdk/imt_sdk_win_64/imt_sdk_win_64/winavr/bin/../lib/gcc/avr/4.3.3/avr5\libgcc.a(_fpcmp_parts_sf.o)
 .debug_line    0x0000128f       0x7c e:/01- embedded systems avr tools-20220809t121814z-001/01- embedded systems avr tools/01- imt sdk/imt_sdk_win_64/imt_sdk_win_64/winavr/bin/../lib/gcc/avr/4.3.3/avr5\libgcc.a(_clz.o)

.debug_frame    0x00000000      0x1e0
 *(.debug_frame)
 .debug_frame   0x00000000       0x20 e:/01- embedded systems avr tools-20220809t121814z-001/01- embedded systems avr tools/01- imt sdk/imt_sdk_win_64/imt_sdk_win_64/winavr/bin/../lib/gcc/avr/4.3.3/avr5\libgcc.a(_fixunssfsi.o)
 .debug_frame   0x00000020       0x40 e:/01- embedded systems avr tools-20220809t121814z-001/01- embedded systems avr tools/01- imt sdk/imt_sdk_win_64/imt_sdk_win_64/winavr/bin/../lib/gcc/avr/4.3.3/avr5\libgcc.a(_addsub_sf.o)
 .debug_frame   0x00000060       0x20 e:/01- embedded systems avr tools-20220809t121814z-001/01- embedded systems avr tools/01- imt sdk/imt_sdk_win_64/imt_sdk_win_64/winavr/bin/../lib/gcc/avr/4.3.3/avr5\libgcc.a(_mul_sf.o)
 .debug_frame   0x00000080       0x20 e:/01- embedded systems avr tools-20220809t121814z-001/01- embedded systems avr tools/01- imt sdk/imt_sdk_win_64/imt_sdk_win_64/winavr/bin/../lib/gcc/avr/4.3.3/avr5\libgcc.a(_div_sf.o)
 .debug_frame   0x000000a0       0x20 e:/01- embedded systems avr tools-20220809t121814z-001/01- embedded systems avr tools/01- imt sdk/imt_sdk_win_64/imt_sdk_win_64/winavr/bin/../lib/gcc/avr/4.3.3/avr5\libgcc.a(_gt_sf.o)
 .debug_frame   0x000000c0       0x20 e:/01- embedded systems avr tools-20220809t121814z-001/01- embedded systems avr tools/01- imt sdk/imt_sdk_win_64/imt_sdk_win_64/winavr/bin/../lib/gcc/avr/4.3.3/avr5\libgcc.a(_ge_sf.o)
 .debug_frame   0x000000e0       0x20 e:/01- embedded systems avr tools-20220809t121814z-001/01- embedded systems avr tools/01- imt sdk/imt_sdk_win_64/imt_sdk_win_64/winavr/bin/../lib/gcc/avr/4.3.3/avr5\libgcc.a(_lt_sf.o)
 .debug_frame   0x00000100       0x20 e:/01- embedded systems avr tools-20220809t121814z-001/01- embedded systems avr tools/01- imt sdk/imt_sdk_win_64/imt_sdk_win_64/winavr/bin/../lib/gcc/avr/4.3.3/avr5\libgcc.a(_si_to_sf.o)
 .debug_frame   0x00000120       0x20 e:/01- embedded systems avr tools-20220809t121814z-001/01- embedded systems avr tools/01- imt sdk/imt_sdk_win_64/imt_sdk_win_64/winavr/bin/../lib/gcc/avr/4.3.3/avr5\libgcc.a(_sf_to_si.o)
 .debug_frame   0x00000140       0x20 e:/01- embedded systems avr tools-20220809t121814z-001/01- embedded systems avr tools/01- imt sdk/imt_sdk_win_64/imt_sdk_win_64/winavr/bin/../lib/gcc/avr/4.3.3/avr5\libgcc.a(_usi_to_sf.o)
 .debug_frame   0x00000160       0x20 e:/01- embedded systems avr tools-20220809t121814z-001/01- embedded systems avr tools/01- imt sdk/imt_sdk_win_64/imt_sdk_win_64/winavr/bin/../lib/gcc/avr/4.3.3/avr5\libgcc.a(_clzsi2.o)
 .debug_frame   0x00000180       0x20 e:/01- embedded systems avr tools-20220809t121814z-001/01- embedded systems avr tools/01- imt sdk/imt_sdk_win_64/imt_sdk_win_64/winavr/bin/../lib/gcc/avr/4.3.3/avr5\libgcc.a(_pack_sf.o)
 .debug_frame   0x000001a0       0x20 e:/01- embedded systems avr tools-20220809t121814z-001/01- embedded systems avr tools/01- imt sdk/imt_sdk_win_64/imt_sdk_win_64/winavr/bin/../lib/gcc/avr/4.3.3/avr5\libgcc.a(_unpack_sf.o)
 .debug_frame   0x000001c0       0x20 e:/01- embedded systems avr tools-20220809t121814z-001/01- embedded systems avr tools/01- imt sdk/imt_sdk_win_64/imt_sdk_win_64/winavr/bin/../lib/gcc/avr/4.3.3/avr5\libgcc.a(_fpcmp_parts_sf.o)

.debug_str      0x00000000      0x307
 *(.debug_str)
 .debug_str     0x00000000       0xbf e:/01- embedded systems avr tools-20220809t121814z-001/01- embedded systems avr tools/01- imt sdk/imt_sdk_win_64/imt_sdk_win_64/winavr/bin/../lib/gcc/avr/4.3.3/avr5\libgcc.a(_fixunssfsi.o)
                                 0xfe (size before relaxing)
 .debug_str     0x000000bf      0x14d e:/01- embedded systems avr tools-20220809t121814z-001/01- embedded systems avr tools/01- imt sdk/imt_sdk_win_64/imt_sdk_win_64/winavr/bin/../lib/gcc/avr/4.3.3/avr5\libgcc.a(_addsub_sf.o)
                                0x206 (size before relaxing)
 .debug_str     0x0000020c       0x27 e:/01- embedded systems avr tools-20220809t121814z-001/01- embedded systems avr tools/01- imt sdk/imt_sdk_win_64/imt_sdk_win_64/winavr/bin/../lib/gcc/avr/4.3.3/avr5\libgcc.a(_mul_sf.o)
                                0x1bf (size before relaxing)
 .debug_str     0x00000233       0x35 e:/01- embedded systems avr tools-20220809t121814z-001/01- embedded systems avr tools/01- imt sdk/imt_sdk_win_64/imt_sdk_win_64/winavr/bin/../lib/gcc/avr/4.3.3/avr5\libgcc.a(_div_sf.o)
                                0x1c8 (size before relaxing)
 .debug_str     0x00000268        0x8 e:/01- embedded systems avr tools-20220809t121814z-001/01- embedded systems avr tools/01- imt sdk/imt_sdk_win_64/imt_sdk_win_64/winavr/bin/../lib/gcc/avr/4.3.3/avr5\libgcc.a(_gt_sf.o)
                                0x195 (size before relaxing)
 .debug_str     0x00000270        0x8 e:/01- embedded systems avr tools-20220809t121814z-001/01- embedded systems avr tools/01- imt sdk/imt_sdk_win_64/imt_sdk_win_64/winavr/bin/../lib/gcc/avr/4.3.3/avr5\libgcc.a(_ge_sf.o)
                                0x195 (size before relaxing)
 .debug_str     0x00000278        0x8 e:/01- embedded systems avr tools-20220809t121814z-001/01- embedded systems avr tools/01- imt sdk/imt_sdk_win_64/imt_sdk_win_64/winavr/bin/../lib/gcc/avr/4.3.3/avr5\libgcc.a(_lt_sf.o)
                                0x195 (size before relaxing)
 .debug_str     0x00000280       0x1e e:/01- embedded systems avr tools-20220809t121814z-001/01- embedded systems avr tools/01- imt sdk/imt_sdk_win_64/imt_sdk_win_64/winavr/bin/../lib/gcc/avr/4.3.3/avr5\libgcc.a(_si_to_sf.o)
                                0x17b (size before relaxing)
 .debug_str     0x0000029e        0xa e:/01- embedded systems avr tools-20220809t121814z-001/01- embedded systems avr tools/01- imt sdk/imt_sdk_win_64/imt_sdk_win_64/winavr/bin/../lib/gcc/avr/4.3.3/avr5\libgcc.a(_sf_to_si.o)
                                0x19e (size before relaxing)
 .debug_str     0x00000000      0x103 e:/01- embedded systems avr tools-20220809t121814z-001/01- embedded systems avr tools/01- imt sdk/imt_sdk_win_64/imt_sdk_win_64/winavr/bin/../lib/gcc/avr/4.3.3/avr5\libgcc.a(_thenan_sf.o)
 .debug_str     0x000002a8       0x14 e:/01- embedded systems avr tools-20220809t121814z-001/01- embedded systems avr tools/01- imt sdk/imt_sdk_win_64/imt_sdk_win_64/winavr/bin/../lib/gcc/avr/4.3.3/avr5\libgcc.a(_usi_to_sf.o)
                                0x177 (size before relaxing)
 .debug_str     0x000002bc       0x20 e:/01- embedded systems avr tools-20220809t121814z-001/01- embedded systems avr tools/01- imt sdk/imt_sdk_win_64/imt_sdk_win_64/winavr/bin/../lib/gcc/avr/4.3.3/avr5\libgcc.a(_clzsi2.o)
                                0x111 (size before relaxing)
 .debug_str     0x000002dc       0x10 e:/01- embedded systems avr tools-20220809t121814z-001/01- embedded systems avr tools/01- imt sdk/imt_sdk_win_64/imt_sdk_win_64/winavr/bin/../lib/gcc/avr/4.3.3/avr5\libgcc.a(_pack_sf.o)
                                0x19d (size before relaxing)
 .debug_str     0x000002ec        0xb e:/01- embedded systems avr tools-20220809t121814z-001/01- embedded systems avr tools/01- imt sdk/imt_sdk_win_64/imt_sdk_win_64/winavr/bin/../lib/gcc/avr/4.3.3/avr5\libgcc.a(_unpack_sf.o)
                                0x17f (size before relaxing)
 .debug_str     0x000002f7       0x10 e:/01- embedded systems avr tools-20220809t121814z-001/01- embedded systems avr tools/01- imt sdk/imt_sdk_win_64/imt_sdk_win_64/winavr/bin/../lib/gcc/avr/4.3.3/avr5\libgcc.a(_fpcmp_parts_sf.o)
                                0x163 (size before relaxing)
 .debug_str     0x00000000       0xf4 e:/01- embedded systems avr tools-20220809t121814z-001/01- embedded systems avr tools/01- imt sdk/imt_sdk_win_64/imt_sdk_win_64/winavr/bin/../lib/gcc/avr/4.3.3/avr5\libgcc.a(_clz.o)

.debug_loc      0x00000000      0xa1a
 *(.debug_loc)
 .debug_loc     0x00000000       0x34 e:/01- embedded systems avr tools-20220809t121814z-001/01- embedded systems avr tools/01- imt sdk/imt_sdk_win_64/imt_sdk_win_64/winavr/bin/../lib/gcc/avr/4.3.3/avr5\libgcc.a(_fixunssfsi.o)
 .debug_loc     0x00000034      0x32a e:/01- embedded systems avr tools-20220809t121814z-001/01- embedded systems avr tools/01- imt sdk/imt_sdk_win_64/imt_sdk_win_64/winavr/bin/../lib/gcc/avr/4.3.3/avr5\libgcc.a(_addsub_sf.o)
 .debug_loc     0x0000035e      0x104 e:/01- embedded systems avr tools-20220809t121814z-001/01- embedded systems avr tools/01- imt sdk/imt_sdk_win_64/imt_sdk_win_64/winavr/bin/../lib/gcc/avr/4.3.3/avr5\libgcc.a(_mul_sf.o)
 .debug_loc     0x00000462       0xc0 e:/01- embedded systems avr tools-20220809t121814z-001/01- embedded systems avr tools/01- imt sdk/imt_sdk_win_64/imt_sdk_win_64/winavr/bin/../lib/gcc/avr/4.3.3/avr5\libgcc.a(_div_sf.o)
 .debug_loc     0x00000522       0x3c e:/01- embedded systems avr tools-20220809t121814z-001/01- embedded systems avr tools/01- imt sdk/imt_sdk_win_64/imt_sdk_win_64/winavr/bin/../lib/gcc/avr/4.3.3/avr5\libgcc.a(_gt_sf.o)
 .debug_loc     0x0000055e       0x3c e:/01- embedded systems avr tools-20220809t121814z-001/01- embedded systems avr tools/01- imt sdk/imt_sdk_win_64/imt_sdk_win_64/winavr/bin/../lib/gcc/avr/4.3.3/avr5\libgcc.a(_ge_sf.o)
 .debug_loc     0x0000059a       0x3c e:/01- embedded systems avr tools-20220809t121814z-001/01- embedded systems avr tools/01- imt sdk/imt_sdk_win_64/imt_sdk_win_64/winavr/bin/../lib/gcc/avr/4.3.3/avr5\libgcc.a(_lt_sf.o)
 .debug_loc     0x000005d6       0xac e:/01- embedded systems avr tools-20220809t121814z-001/01- embedded systems avr tools/01- imt sdk/imt_sdk_win_64/imt_sdk_win_64/winavr/bin/../lib/gcc/avr/4.3.3/avr5\libgcc.a(_si_to_sf.o)
 .debug_loc     0x00000682       0x7e e:/01- embedded systems avr tools-20220809t121814z-001/01- embedded systems avr tools/01- imt sdk/imt_sdk_win_64/imt_sdk_win_64/winavr/bin/../lib/gcc/avr/4.3.3/avr5\libgcc.a(_sf_to_si.o)
 .debug_loc     0x00000700       0x4c e:/01- embedded systems avr tools-20220809t121814z-001/01- embedded systems avr tools/01- imt sdk/imt_sdk_win_64/imt_sdk_win_64/winavr/bin/../lib/gcc/avr/4.3.3/avr5\libgcc.a(_usi_to_sf.o)
 .debug_loc     0x0000074c       0x94 e:/01- embedded systems avr tools-20220809t121814z-001/01- embedded systems avr tools/01- imt sdk/imt_sdk_win_64/imt_sdk_win_64/winavr/bin/../lib/gcc/avr/4.3.3/avr5\libgcc.a(_clzsi2.o)
 .debug_loc     0x000007e0      0x13e e:/01- embedded systems avr tools-20220809t121814z-001/01- embedded systems avr tools/01- imt sdk/imt_sdk_win_64/imt_sdk_win_64/winavr/bin/../lib/gcc/avr/4.3.3/avr5\libgcc.a(_pack_sf.o)
 .debug_loc     0x0000091e       0xac e:/01- embedded systems avr tools-20220809t121814z-001/01- embedded systems avr tools/01- imt sdk/imt_sdk_win_64/imt_sdk_win_64/winavr/bin/../lib/gcc/avr/4.3.3/avr5\libgcc.a(_unpack_sf.o)
 .debug_loc     0x000009ca       0x50 e:/01- embedded systems avr tools-20220809t121814z-001/01- embedded systems avr tools/01- imt sdk/imt_sdk_win_64/imt_sdk_win_64/winavr/bin/../lib/gcc/avr/4.3.3/avr5\libgcc.a(_fpcmp_parts_sf.o)

.debug_macinfo
 *(.debug_macinfo)
OUTPUT(lock_home.elf elf32-avr)
LOAD linker stubs

.debug_ranges   0x00000000       0x50
 .debug_ranges  0x00000000       0x50 e:/01- embedded systems avr tools-20220809t121814z-001/01- embedded systems avr tools/01- imt sdk/imt_sdk_win_64/imt_sdk_win_64/winavr/bin/../lib/gcc/avr/4.3.3/avr5\libgcc.a(_mul_sf.o)
